Component: ARM Compiler 6.14 Tool: armlink [5db06800]

==============================================================================

Section Cross References

    startup_stm32f401xc.o(STACK) refers (Special) to heapauxi.o(.text) for __use_two_region_memory
    startup_stm32f401xc.o(HEAP) refers (Special) to heapauxi.o(.text) for __use_two_region_memory
    startup_stm32f401xc.o(RESET) refers (Special) to heapauxi.o(.text) for __use_two_region_memory
    startup_stm32f401xc.o(RESET) refers to startup_stm32f401xc.o(STACK) for __initial_sp
    startup_stm32f401xc.o(RESET) refers to startup_stm32f401xc.o(.text) for Reset_Handler
    startup_stm32f401xc.o(RESET) refers to stm32f4xx_it.o(.text.NMI_Handler) for NMI_Handler
    startup_stm32f401xc.o(RESET) refers to stm32f4xx_it.o(.text.HardFault_Handler) for HardFault_Handler
    startup_stm32f401xc.o(RESET) refers to stm32f4xx_it.o(.text.MemManage_Handler) for MemManage_Handler
    startup_stm32f401xc.o(RESET) refers to stm32f4xx_it.o(.text.BusFault_Handler) for BusFault_Handler
    startup_stm32f401xc.o(RESET) refers to stm32f4xx_it.o(.text.UsageFault_Handler) for UsageFault_Handler
    startup_stm32f401xc.o(RESET) refers to stm32f4xx_it.o(.text.SVC_Handler) for SVC_Handler
    startup_stm32f401xc.o(RESET) refers to stm32f4xx_it.o(.text.DebugMon_Handler) for DebugMon_Handler
    startup_stm32f401xc.o(RESET) refers to stm32f4xx_it.o(.text.PendSV_Handler) for PendSV_Handler
    startup_stm32f401xc.o(RESET) refers to stm32f4xx_it.o(.text.SysTick_Handler) for SysTick_Handler
    startup_stm32f401xc.o(RESET) refers to stm32f4xx_it.o(.text.EXTI0_IRQHandler) for EXTI0_IRQHandler
    startup_stm32f401xc.o(RESET) refers to stm32f4xx_it.o(.text.EXTI4_IRQHandler) for EXTI4_IRQHandler
    startup_stm32f401xc.o(RESET) refers to stm32f4xx_it.o(.text.USART2_IRQHandler) for USART2_IRQHandler
    startup_stm32f401xc.o(RESET) refers to stm32f4xx_it.o(.text.EXTI15_10_IRQHandler) for EXTI15_10_IRQHandler
    startup_stm32f401xc.o(.text) refers (Special) to heapauxi.o(.text) for __use_two_region_memory
    startup_stm32f401xc.o(.text) refers to system_stm32f4xx.o(.text.SystemInit) for SystemInit
    startup_stm32f401xc.o(.text) refers to __main.o(!!!main) for __main
    startup_stm32f401xc.o(.text) refers to startup_stm32f401xc.o(HEAP) for Heap_Mem
    startup_stm32f401xc.o(.text) refers to startup_stm32f401xc.o(STACK) for Stack_Mem
    main.o(.text) refers (Special) to _printf_d.o(.ARM.Collect$$_printf_percent$$00000009) for _printf_d
    main.o(.text) refers (Special) to _printf_dec.o(.text) for _printf_int_dec
    main.o(.text) refers (Special) to _printf_percent.o(.ARM.Collect$$_printf_percent$$00000000) for _printf_percent
    main.o(.text.main) refers (Special) to _printf_d.o(.ARM.Collect$$_printf_percent$$00000009) for _printf_d
    main.o(.text.main) refers (Special) to _printf_dec.o(.text) for _printf_int_dec
    main.o(.text.main) refers (Special) to _printf_percent.o(.ARM.Collect$$_printf_percent$$00000000) for _printf_percent
    main.o(.text.main) refers to stm32f4xx_hal.o(.text.HAL_Init) for HAL_Init
    main.o(.text.main) refers to main.o(.text.SystemClock_Config) for SystemClock_Config
    main.o(.text.main) refers to gpio.o(.text.MX_GPIO_Init) for MX_GPIO_Init
    main.o(.text.main) refers to tim.o(.text.MX_TIM3_Init) for MX_TIM3_Init
    main.o(.text.main) refers to tim.o(.text.MX_TIM1_Init) for MX_TIM1_Init
    main.o(.text.main) refers to usart.o(.text.MX_USART2_UART_Init) for MX_USART2_UART_Init
    main.o(.text.main) refers to tim.o(.text.MX_TIM2_Init) for MX_TIM2_Init
    main.o(.text.main) refers to tim.o(.text.MX_TIM4_Init) for MX_TIM4_Init
    main.o(.text.main) refers to i2c.o(.text.MX_I2C1_Init) for MX_I2C1_Init
    main.o(.text.main) refers to tim.o(.text.MX_TIM9_Init) for MX_TIM9_Init
    main.o(.text.main) refers to mpu6050.o(.text.MPU_Init) for MPU_Init
    main.o(.text.main) refers to inv_mpu.o(.text.mpu_dmp_init) for mpu_dmp_init
    main.o(.text.main) refers to noretval__2printf.o(.text) for __2printf
    main.o(.text.main) refers to usart.o(.bss.huart2) for huart2
    main.o(.text.main) refers to uart.o(.bss.USART2_RX_BUF) for USART2_RX_BUF
    main.o(.text.main) refers to stm32f4xx_hal_uart.o(.text.HAL_UART_Receive_IT) for HAL_UART_Receive_IT
    main.o(.text.main) refers to tim.o(.bss.htim1) for htim1
    main.o(.text.main) refers to stm32f4xx_hal_tim.o(.text.HAL_TIM_Base_Start) for HAL_TIM_Base_Start
    main.o(.text.main) refers to tim.o(.bss.htim2) for htim2
    main.o(.text.main) refers to tim.o(.bss.htim3) for htim3
    main.o(.text.main) refers to tim.o(.bss.htim4) for htim4
    main.o(.text.main) refers to tim.o(.bss.htim9) for htim9
    main.o(.text.main) refers to stm32f4xx_hal_tim.o(.text.HAL_TIM_PWM_Start) for HAL_TIM_PWM_Start
    main.o(.text.main) refers to stm32f4xx_hal_tim.o(.text.HAL_TIM_Encoder_Start) for HAL_TIM_Encoder_Start
    main.o(.text.main) refers to control.o(.bss.Param) for Param
[...]
    TIM3_IRQHandler                          0x0800026f   Thumb Code     0  startup_stm32f401xc.o(.text)
    TIM4_IRQHandler                          0x0800026f   Thumb Code     0  startup_stm32f401xc.o(.text)
    TIM5_IRQHandler                          0x0800026f   Thumb Code     0  startup_stm32f401xc.o(.text)
    USART1_IRQHandler                        0x0800026f   Thumb Code     0  startup_stm32f401xc.o(.text)
    USART6_IRQHandler                        0x0800026f   Thumb Code     0  startup_stm32f401xc.o(.text)
    WWDG_IRQHandler                          0x0800026f   Thumb Code     0  startup_stm32f401xc.o(.text)
    __user_initial_stackheap                 0x08000271   Thumb Code     0  startup_stm32f401xc.o(.text)
    __aeabi_uldivmod                         0x08000295   Thumb Code     0  lludivv7m.o(.text)
    _ll_udiv                                 0x08000295   Thumb Code   240  lludivv7m.o(.text)
    __aeabi_ldivmod                          0x08000385   Thumb Code     0  llsdiv.o(.text)
    _ll_sdiv                                 0x08000385   Thumb Code   116  llsdiv.o(.text)
    __2printf                                0x080003f9   Thumb Code    20  noretval__2printf.o(.text)
    _printf_pre_padding                      0x08000411   Thumb Code    44  _printf_pad.o(.text)
    _printf_post_padding                     0x0800043d   Thumb Code    34  _printf_pad.o(.text)
    _printf_int_dec                          0x08000461   Thumb Code   104  _printf_dec.o(.text)
    _printf_int_hex                          0x080004d9   Thumb Code    84  _printf_hex_int.o(.text)
    _printf_longlong_hex                     0x080004d9   Thumb Code     0  _printf_hex_int.o(.text)
    __printf                                 0x08000531   Thumb Code   308  __printf_flags_wp.o(.text)
    puts                                     0x08000669   Thumb Code    40  puts.o(.text)
    memcmp                                   0x08000695   Thumb Code    88  memcmp.o(.text)
    strlen                                   0x080006ed   Thumb Code    62  strlen.o(.text)
    __aeabi_memclr4                          0x0800072b   Thumb Code     0  rt_memclr_w.o(.text)
    __aeabi_memclr8                          0x0800072b   Thumb Code     0  rt_memclr_w.o(.text)
    __rt_memclr_w                            0x0800072b   Thumb Code    78  rt_memclr_w.o(.text)
    _memset_w                                0x0800072f   Thumb Code     0  rt_memclr_w.o(.text)
    __use_two_region_memory                  0x08000779   Thumb Code     2  heapauxi.o(.text)
    __rt_heap_escrow                         0x0800077b   Thumb Code     2  heapauxi.o(.text)
    __rt_heap_expand                         0x0800077d   Thumb Code     2  heapauxi.o(.text)
    __read_errno                             0x0800077f   Thumb Code    10  _rserrno.o(.text)
    __set_errno                              0x08000789   Thumb Code    12  _rserrno.o(.text)
    _printf_int_common                       0x08000795   Thumb Code   178  _printf_intcommon.o(.text)
    _printf_char_file                        0x08000849   Thumb Code    32  _printf_char_file.o(.text)
    __aeabi_errno_addr                       0x0800086d   Thumb Code     8  rt_errno_addr_intlibspace.o(.text)
    __errno$intlibspace                      0x0800086d   Thumb Code     0  rt_errno_addr_intlibspace.o(.text)
    __rt_errno_addr$intlibspace              0x0800086d   Thumb Code     0  rt_errno_addr_intlibspace.o(.text)
    _printf_char_common                      0x0800087f   Thumb Code    32  _printf_char_common.o(.text)
    ferror                                   0x080008a5   Thumb Code     8  ferror.o(.text)
    _initio                                  0x080008ad   Thumb Code   210  initio.o(.text)
    _terminateio                             0x0800097f   Thumb Code    56  initio.o(.text)
    __user_libspace                          0x080009e5   Thumb Code     8  libspace.o(.text)
    __user_perproc_libspace                  0x080009e5   Thumb Code     0  libspace.o(.text)
    __user_perthread_libspace                0x080009e5   Thumb Code     0  libspace.o(.text)
    __user_setup_stackheap                   0x080009ed   Thumb Code    74  sys_stackheap_outer.o(.text)
    free                                     0x08000a37   Thumb Code    78  h1_free.o(.text)
    setvbuf                                  0x08000a85   Thumb Code    70  setvbuf.o(.text)
    freopen                                  0x08000acd   Thumb Code   160  fopen.o(.text)
    fopen                                    0x08000b6d   Thumb Code    74  fopen.o(.text)
    _fclose_internal                         0x08000bbd   Thumb Code    76  fclose.o(.text)
    fclose                                   0x08000bbd   Thumb Code     0  fclose.o(.text)
    exit                                     0x08000c09   Thumb Code    18  exit.o(.text)
    __rt_SIGRTRED                            0x08000c1b   Thumb Code    14  defsig_rtred_outer.o(.text)
    _sys_open                                0x08000c29   Thumb Code    20  sys_io.o(.text)
    _sys_close                               0x08000c3d   Thumb Code    12  sys_io.o(.text)
    _sys_write                               0x08000c49   Thumb Code    16  sys_io.o(.text)
    _sys_read                                0x08000c59   Thumb Code    14  sys_io.o(.text)
    _sys_istty                               0x08000c67   Thumb Code    12  sys_io.o(.text)
    _sys_seek                                0x08000c73   Thumb Code    14  sys_io.o(.text)
    _sys_ensure                              0x08000c81   Thumb Code     2  sys_io.o(.text)
    _sys_flen                                0x08000c83   Thumb Code    12  sys_io.o(.text)
    __rt_heap_descriptor                     0x08000c91   Thumb Code     8  rt_heap_descriptor_intlibspace.o(.text)
    __use_no_heap                            0x08000c99   Thumb Code     2  hguard.o(.text)
    __heap$guard                             0x08000c9b   Thumb Code     2  hguard.o(.text)
    _terminate_user_alloc                    0x08000c9d   Thumb Code     2  init_alloc.o(.text)
    _init_user_alloc                         0x08000c9f   Thumb Code     2  init_alloc.o(.text)
    __Heap_Full                              0x08000ca1   Thumb Code    34  init_alloc.o(.text)
    __Heap_Broken                            0x08000cc3   Thumb Code     6  init_alloc.o(.text)
    _init_alloc                              0x08000cc9   Thumb Code    94  init_alloc.o(.text)
    malloc                                   0x08000d27   Thumb Code    94  h1_alloc.o(.text)
    _fseek                                   0x08000d85   Thumb Code   242  fseek.o(.text)
    fseek                                    0x08000d85   Thumb Code     0  fseek.o(.text)
    _seterr                                  0x08000e7d   Thumb Code    20  stdio.o(.text)
    _writebuf                                0x08000e91   Thumb Code    84  stdio.o(.text)
    _fflush                                  0x08000ee5   Thumb Code    70  stdio.o(.text)
    _deferredlazyseek                        0x08000f2b   Thumb Code    60  stdio.o(.text)
    __sig_exit                               0x08000f6d   Thumb Code    10  defsig_exit.o(.text)
    __rt_SIGRTRED_inner                      0x08000f79   Thumb Code    14  defsig_rtred_inner.o(.text)
    _sys_exit                                0x08000fad   Thumb Code     8  sys_exit.o(.text)
    __I$use$semihosting                      0x08000fb9   Thumb Code     0  use_no_semi.o(.text)
    __use_no_semihosting_swi                 0x08000fb9   Thumb Code     2  use_no_semi.o(.text)
    __Heap_Initialize                        0x08000fbb   Thumb Code    10  h1_init.o(.text)
    __semihosting_library_function           0x08000fbb   Thumb Code     0  indicate_semi.o(.text)
    _maybe_terminate_alloc                   0x08000fbb   Thumb Code     0  maybetermalloc1.o(.text)
    __Heap_DescSize                          0x08000fc5   Thumb Code     4  h1_init.o(.text)
    __Heap_ProvideMemory                     0x08000fc9   Thumb Code    52  h1_extend.o(.text)
    _ftell_internal                          0x08000ffd   Thumb Code    66  ftell.o(.text)
    ftell                                    0x08000ffd   Thumb Code     0  ftell.o(.text)
    __default_signal_display                 0x0800103f   Thumb Code    50  defsig_general.o(.text)
    __rt_SIGRTMEM                            0x08001071   Thumb Code    14  defsig_rtmem_outer.o(.text)
    _ttywrch                                 0x0800107f   Thumb Code    14  sys_wrch.o(.text)
    __rt_SIGRTMEM_inner                      0x0800108d   Thumb Code    22  defsig_rtmem_inner.o(.text)
    BusFault_Handler                         0x080010dd   Thumb Code     2  stm32f4xx_it.o(.text.BusFault_Handler)
    DebugMon_Handler                         0x080010e1   Thumb Code     2  stm32f4xx_it.o(.text.DebugMon_Handler)
    EXTI0_IRQHandler                         0x080010e5   Thumb Code    10  stm32f4xx_it.o(.text.EXTI0_IRQHandler)
    EXTI15_10_IRQHandler                     0x080010f1   Thumb Code    12  stm32f4xx_it.o(.text.EXTI15_10_IRQHandler)
    EXTI4_IRQHandler                         0x080010fd   Thumb Code    10  stm32f4xx_it.o(.text.EXTI4_IRQHandler)
    Error_Handler                            0x08001109   Thumb Code     6  main.o(.text.Error_Handler)
    HAL_DMA_Abort                            0x08001111   Thumb Code   128  stm32f4xx_hal_dma.o(.text.HAL_DMA_Abort)
    HAL_DMA_Abort_IT                         0x08001191   Thumb Code    36  stm32f4xx_hal_dma.o(.text.HAL_DMA_Abort_IT)
    HAL_Delay                                0x080011b5   Thumb Code    40  stm32f4xx_hal.o(.text.HAL_Delay)
    HAL_GPIO_EXTI_Callback                   0x080011dd   Thumb Code   208  control.o(.text.HAL_GPIO_EXTI_Callback)
    HAL_GPIO_EXTI_IRQHandler                 0x080012ad   Thumb Code    26  stm32f4xx_hal_gpio.o(.text.HAL_GPIO_EXTI_IRQHandler)
    HAL_GPIO_Init                            0x080012c9   Thumb Code   410  stm32f4xx_hal_gpio.o(.text.HAL_GPIO_Init)
    HAL_GPIO_ReadPin                         0x08001465   Thumb Code    10  stm32f4xx_hal_gpio.o(.text.HAL_GPIO_ReadPin)
    HAL_GPIO_TogglePin                       0x08001471   Thumb Code    16  stm32f4xx_hal_gpio.o(.text.HAL_GPIO_TogglePin)
    HAL_GPIO_WritePin                        0x08001481   Thumb Code    10  stm32f4xx_hal_gpio.o(.text.HAL_GPIO_WritePin)
    HAL_GetTick                              0x0800148d   Thumb Code    12  stm32f4xx_hal.o(.text.HAL_GetTick)
    HAL_I2C_Init                             0x08001499   Thumb Code   398  stm32f4xx_hal_i2c.o(.text.HAL_I2C_Init)
    HAL_I2C_MspInit                          0x08001629   Thumb Code   116  i2c.o(.text.HAL_I2C_MspInit)
    HAL_IncTick                              0x0800169d   Thumb Code    26  stm32f4xx_hal.o(.text.HAL_IncTick)
    HAL_Init                                 0x080016b9   Thumb Code    54  stm32f4xx_hal.o(.text.HAL_Init)
    HAL_InitTick                             0x080016f1   Thumb Code    80  stm32f4xx_hal.o(.text.HAL_InitTick)
    HAL_MspInit                              0x08001741   Thumb Code    56  stm32f4xx_hal_msp.o(.text.HAL_MspInit)
    HAL_NVIC_EnableIRQ                       0x08001779   Thumb Code     8  stm32f4xx_hal_cortex.o(.text.HAL_NVIC_EnableIRQ)
    HAL_NVIC_SetPriority                     0x08001781   Thumb Code    30  stm32f4xx_hal_cortex.o(.text.HAL_NVIC_SetPriority)
    HAL_NVIC_SetPriorityGrouping             0x080017a1   Thumb Code     8  stm32f4xx_hal_cortex.o(.text.HAL_NVIC_SetPriorityGrouping)
    HAL_RCC_ClockConfig                      0x080017a9   Thumb Code   352  stm32f4xx_hal_rcc.o(.text.HAL_RCC_ClockConfig)
    HAL_RCC_GetHCLKFreq                      0x08001909   Thumb Code    12  stm32f4xx_hal_rcc.o(.text.HAL_RCC_GetHCLKFreq)
    HAL_RCC_GetPCLK1Freq                     0x08001915   Thumb Code    34  stm32f4xx_hal_rcc.o(.text.HAL_RCC_GetPCLK1Freq)
    HAL_RCC_GetPCLK2Freq                     0x08001939   Thumb Code    34  stm32f4xx_hal_rcc.o(.text.HAL_RCC_GetPCLK2Freq)
    HAL_RCC_GetSysClockFreq                  0x0800195d   Thumb Code   104  stm32f4xx_hal_rcc.o(.text.HAL_RCC_GetSysClockFreq)
    HAL_RCC_OscConfig                        0x080019c5   Thumb Code   836  stm32f4xx_hal_rcc.o(.text.HAL_RCC_OscConfig)
    HAL_SYSTICK_Config                       0x08001d09   Thumb Code     8  stm32f4xx_hal_cortex.o(.text.HAL_SYSTICK_Config)
    HAL_TIMEx_ConfigBreakDeadTime            0x08001d11   Thumb Code    76  stm32f4xx_hal_tim_ex.o(.text.HAL_TIMEx_ConfigBreakDeadTime)
    HAL_TIMEx_MasterConfigSynchronization    0x08001d5d   Thumb Code   148  stm32f4xx_hal_tim_ex.o(.text.HAL_TIMEx_MasterConfigSynchronization)
    HAL_TIM_Base_Init                        0x08001df1   Thumb Code    90  stm32f4xx_hal_tim.o(.text.HAL_TIM_Base_Init)
    HAL_TIM_Base_MspInit                     0x08001e4d   Thumb Code   146  tim.o(.text.HAL_TIM_Base_MspInit)
    HAL_TIM_Base_Start                       0x08001ee1   Thumb Code   124  stm32f4xx_hal_tim.o(.text.HAL_TIM_Base_Start)
    HAL_TIM_ConfigClockSource                0x08001f5d   Thumb Code   222  stm32f4xx_hal_tim.o(.text.HAL_TIM_ConfigClockSource)
    HAL_TIM_Encoder_Init                     0x0800203d   Thumb Code   178  stm32f4xx_hal_tim.o(.text.HAL_TIM_Encoder_Init)
    HAL_TIM_Encoder_MspInit                  0x080020f1   Thumb Code   186  tim.o(.text.HAL_TIM_Encoder_MspInit)
    HAL_TIM_Encoder_Start                    0x080021ad   Thumb Code   164  stm32f4xx_hal_tim.o(.text.HAL_TIM_Encoder_Start)
    HAL_TIM_MspPostInit                      0x08002251   Thumb Code   142  tim.o(.text.HAL_TIM_MspPostInit)
    HAL_TIM_PWM_ConfigChannel                0x080022e1   Thumb Code   152  stm32f4xx_hal_tim.o(.text.HAL_TIM_PWM_ConfigChannel)
    HAL_TIM_PWM_Init                         0x08002379   Thumb Code    90  stm32f4xx_hal_tim.o(.text.HAL_TIM_PWM_Init)
    HAL_TIM_PWM_MspInit                      0x080023d5   Thumb Code     2  stm32f4xx_hal_tim.o(.text.HAL_TIM_PWM_MspInit)
    HAL_TIM_PWM_Start                        0x080023d9   Thumb Code   212  stm32f4xx_hal_tim.o(.text.HAL_TIM_PWM_Start)
    HAL_TIM_ReadCapturedValue                0x080024ad   Thumb Code    52  stm32f4xx_hal_tim.o(.text.HAL_TIM_ReadCapturedValue)
    HAL_UARTEx_RxEventCallback               0x080024e1   Thumb Code     2  stm32f4xx_hal_uart.o(.text.HAL_UARTEx_RxEventCallback)
    HAL_UART_ErrorCallback                   0x080024e5   Thumb Code     2  stm32f4xx_hal_uart.o(.text.HAL_UART_ErrorCallback)
    HAL_UART_IRQHandler                      0x080024e9   Thumb Code   594  stm32f4xx_hal_uart.o(.text.HAL_UART_IRQHandler)
    HAL_UART_Init                            0x0800273d   Thumb Code    96  stm32f4xx_hal_uart.o(.text.HAL_UART_Init)
    HAL_UART_MspInit                         0x0800279d   Thumb Code   130  usart.o(.text.HAL_UART_MspInit)
    HAL_UART_Receive_IT                      0x08002821   Thumb Code    42  stm32f4xx_hal_uart.o(.text.HAL_UART_Receive_IT)
    HAL_UART_RxCpltCallback                  0x0800284d   Thumb Code    92  uart.o(.text.HAL_UART_RxCpltCallback)
    HAL_UART_Transmit                        0x080028a9   Thumb Code   180  stm32f4xx_hal_uart.o(.text.HAL_UART_Transmit)
    HAL_UART_TxCpltCallback                  0x0800295d   Thumb Code     2  stm32f4xx_hal_uart.o(.text.HAL_UART_TxCpltCallback)
    HardFault_Handler                        0x08002961   Thumb Code     2  stm32f4xx_it.o(.text.HardFault_Handler)
    I2C_End                                  0x08002965   Thumb Code    42  mpuiic.o(.text.I2C_End)
    I2C_ReadByte                             0x08002991   Thumb Code    82  mpuiic.o(.text.I2C_ReadByte)
    I2C_SendByte                             0x080029e5   Thumb Code    62  mpuiic.o(.text.I2C_SendByte)
    I2C_Start                                0x08002a25   Thumb Code    52  mpuiic.o(.text.I2C_Start)
    IIC_Get_ACK                              0x08002a59   Thumb Code    54  mpuiic.o(.text.IIC_Get_ACK)
    IIC_Send_ACK                             0x08002a91   Thumb Code    48  mpuiic.o(.text.IIC_Send_ACK)
    Limit                                    0x08002ac1   Thumb Code   100  control.o(.text.Limit)
    Load                                     0x08002b25   Thumb Code   152  motor.o(.text.Load)
    MPU_Init                                 0x08002bbd   Thumb Code   106  mpu6050.o(.text.MPU_Init)
    MPU_Read_Byte                            0x08002c29   Thumb Code    46  mpuiic.o(.text.MPU_Read_Byte)
    MPU_Read_Len                             0x08002c59   Thumb Code    80  mpuiic.o(.text.MPU_Read_Len)
    MPU_Set_Accel_Fsr                        0x08002ca9   Thumb Code    14  mpu6050.o(.text.MPU_Set_Accel_Fsr)
    MPU_Set_Gyro_Fsr                         0x08002cb9   Thumb Code    14  mpu6050.o(.text.MPU_Set_Gyro_Fsr)
    MPU_Set_LPF                              0x08002cc9   Thumb Code    50  mpu6050.o(.text.MPU_Set_LPF)
    MPU_Set_Rate                             0x08002cfd   Thumb Code    44  mpu6050.o(.text.MPU_Set_Rate)
    MPU_Write_Byte                           0x08002d29   Thumb Code    36  mpuiic.o(.text.MPU_Write_Byte)
    MPU_Write_Len                            0x08002d4d   Thumb Code    58  mpuiic.o(.text.MPU_Write_Len)
    MX_GPIO_Init                             0x08002d89   Thumb Code   336  gpio.o(.text.MX_GPIO_Init)
    MX_I2C1_Init                             0x08002ed9   Thumb Code    62  i2c.o(.text.MX_I2C1_Init)
    MX_TIM1_Init                             0x08002f19   Thumb Code   290  tim.o(.text.MX_TIM1_Init)
    MX_TIM2_Init                             0x0800303d   Thumb Code   112  tim.o(.text.MX_TIM2_Init)
    MX_TIM3_Init                             0x080030ad   Thumb Code   206  tim.o(.text.MX_TIM3_Init)
    MX_TIM4_Init                             0x0800317d   Thumb Code   116  tim.o(.text.MX_TIM4_Init)
    MX_TIM9_Init                             0x080031f1   Thumb Code    90  tim.o(.text.MX_TIM9_Init)
    MX_USART2_UART_Init                      0x0800324d   Thumb Code    56  usart.o(.text.MX_USART2_UART_Init)
    MemManage_Handler                        0x08003285   Thumb Code     2  stm32f4xx_it.o(.text.MemManage_Handler)
    NMI_Handler                              0x08003289   Thumb Code     2  stm32f4xx_it.o(.text.NMI_Handler)
    PendSV_Handler                           0x080032b9   Thumb Code     2  stm32f4xx_it.o(.text.PendSV_Handler)
    Position_PID_Servo                       0x080032c1   Thumb Code   236  pid.o(.text.Position_PID_Servo)
    Position_PID_Servo_Realize               0x080033ad   Thumb Code    36  control.o(.text.Position_PID_Servo_Realize)
    Read_Speed                               0x080033d1   Thumb Code    44  encoder.o(.text.Read_Speed)
    SVC_Handler                              0x080033fd   Thumb Code     2  stm32f4xx_it.o(.text.SVC_Handler)
    SysTick_Handler                          0x08003431   Thumb Code     8  stm32f4xx_it.o(.text.SysTick_Handler)
    SystemClock_Config                       0x08003439   Thumb Code   160  main.o(.text.SystemClock_Config)
    SystemInit                               0x080034d9   Thumb Code    18  system_stm32f4xx.o(.text.SystemInit)
    TIM_Base_SetConfig                       0x080034ed   Thumb Code   234  stm32f4xx_hal_tim.o(.text.TIM_Base_SetConfig)
    TIM_CCxChannelCmd                        0x080035d9   Thumb Code    36  stm32f4xx_hal_tim.o(.text.TIM_CCxChannelCmd)
    TIM_ETR_SetConfig                        0x080035fd   Thumb Code    22  stm32f4xx_hal_tim.o(.text.TIM_ETR_SetConfig)
    TIM_OC2_SetConfig                        0x08003685   Thumb Code   104  stm32f4xx_hal_tim.o(.text.TIM_OC2_SetConfig)
    UART_Start_Receive_IT                    0x08003a3d   Thumb Code    52  stm32f4xx_hal_uart.o(.text.UART_Start_Receive_IT)
    USART2_IRQHandler                        0x08003b4d   Thumb Code    16  stm32f4xx_it.o(.text.USART2_IRQHandler)
    UsageFault_Handler                       0x08003b5d   Thumb Code     2  stm32f4xx_it.o(.text.UsageFault_Handler)
    Usart2_SendString                        0x08003b61   Thumb Code    30  uart.o(.text.Usart2_SendString)
    VelocityRing_MOTOR1_Control              0x08003b81   Thumb Code    96  pid.o(.text.VelocityRing_MOTOR1_Control)
    VelocityRing_MOTOR2_Control              0x08003be1   Thumb Code    96  pid.o(.text.VelocityRing_MOTOR2_Control)
    VelocityRing_PID_MOTOR1_Realize          0x08003c41   Thumb Code   196  pid.o(.text.VelocityRing_PID_MOTOR1_Realize)
    VelocityRing_PID_MOTOR2_Realize          0x08003d05   Thumb Code   196  pid.o(.text.VelocityRing_PID_MOTOR2_Realize)
    dmp_enable_6x_lp_quat                    0x08003f29   Thumb Code    42  inv_mpu_dmp_motion_driver.o(.text.dmp_enable_6x_lp_quat)
    dmp_enable_feature                       0x08003f55   Thumb Code   492  inv_mpu_dmp_motion_driver.o(.text.dmp_enable_feature)
    dmp_enable_gyro_cal                      0x08004141   Thumb Code    74  inv_mpu_dmp_motion_driver.o(.text.dmp_enable_gyro_cal)
    dmp_enable_lp_quat                       0x0800418d   Thumb Code    42  inv_mpu_dmp_motion_driver.o(.text.dmp_enable_lp_quat)
    dmp_load_motion_driver_firmware          0x080041b9   Thumb Code    26  inv_mpu_dmp_motion_driver.o(.text.dmp_load_motion_driver_firmware)
    dmp_read_fifo                            0x080041d5   Thumb Code   426  inv_mpu_dmp_motion_driver.o(.text.dmp_read_fifo)
    dmp_set_accel_bias                       0x08004381   Thumb Code   190  inv_mpu_dmp_motion_driver.o(.text.dmp_set_accel_bias)
    dmp_set_fifo_rate                        0x08004441   Thumb Code   108  inv_mpu_dmp_motion_driver.o(.text.dmp_set_fifo_rate)
    dmp_set_gyro_bias                        0x080044ad   Thumb Code   178  inv_mpu_dmp_motion_driver.o(.text.dmp_set_gyro_bias)
    dmp_set_orientation                      0x08004561   Thumb Code   272  inv_mpu_dmp_motion_driver.o(.text.dmp_set_orientation)
    dmp_set_shake_reject_thresh              0x08004671   Thumb Code    44  inv_mpu_dmp_motion_driver.o(.text.dmp_set_shake_reject_thresh)
    dmp_set_shake_reject_time                0x0800469d   Thumb Code    42  inv_mpu_dmp_motion_driver.o(.text.dmp_set_shake_reject_time)
    dmp_set_shake_reject_timeout             0x080046c9   Thumb Code    42  inv_mpu_dmp_motion_driver.o(.text.dmp_set_shake_reject_timeout)
    dmp_set_tap_axes                         0x080046f5   Thumb Code    62  inv_mpu_dmp_motion_driver.o(.text.dmp_set_tap_axes)
    dmp_set_tap_count                        0x08004735   Thumb Code    40  inv_mpu_dmp_motion_driver.o(.text.dmp_set_tap_count)
    dmp_set_tap_thresh                       0x0800475d   Thumb Code   376  inv_mpu_dmp_motion_driver.o(.text.dmp_set_tap_thresh)
    dmp_set_tap_time                         0x080048d5   Thumb Code    42  inv_mpu_dmp_motion_driver.o(.text.dmp_set_tap_time)
    dmp_set_tap_time_multi                   0x08004901   Thumb Code    42  inv_mpu_dmp_motion_driver.o(.text.dmp_set_tap_time_multi)
    fputc                                    0x0800492d   Thumb Code    32  print.o(.text.fputc)
    inv_orientation_matrix_to_scalar         0x08004e75   Thumb Code    34  inv_mpu.o(.text.inv_orientation_matrix_to_scalar)
    inv_row_2_scale                          0x08004e99   Thumb Code    58  inv_mpu.o(.text.inv_row_2_scale)
    main                                     0x08004ed5   Thumb Code   292  main.o(.text.main)
    mget_ms                                  0x08004ff9   Thumb Code     2  inv_mpu.o(.text.mget_ms)
    mpu_configure_fifo                       0x08004ffd   Thumb Code    86  inv_mpu.o(.text.mpu_configure_fifo)
    mpu_dmp_get_data                         0x08005059   Thumb Code   396  inv_mpu.o(.text.mpu_dmp_get_data)
    mpu_dmp_init                             0x080051e5   Thumb Code   142  inv_mpu.o(.text.mpu_dmp_init)
    mpu_get_accel_fsr                        0x08005275   Thumb Code    56  inv_mpu.o(.text.mpu_get_accel_fsr)
    mpu_get_accel_sens                       0x080052ad   Thumb Code    74  inv_mpu.o(.text.mpu_get_accel_sens)
    mpu_get_fifo_config                      0x080052f9   Thumb Code    18  inv_mpu.o(.text.mpu_get_fifo_config)
    mpu_get_gyro_fsr                         0x0800530d   Thumb Code    52  inv_mpu.o(.text.mpu_get_gyro_fsr)
    mpu_get_gyro_sens                        0x08005341   Thumb Code    40  inv_mpu.o(.text.mpu_get_gyro_sens)
    mpu_get_lpf                              0x08005369   Thumb Code    58  inv_mpu.o(.text.mpu_get_lpf)
    mpu_get_sample_rate                      0x080053a5   Thumb Code    30  inv_mpu.o(.text.mpu_get_sample_rate)
    mpu_init                                 0x080053c5   Thumb Code   388  inv_mpu.o(.text.mpu_init)
    mpu_load_firmware                        0x08005549   Thumb Code   198  inv_mpu.o(.text.mpu_load_firmware)
    mpu_lp_accel_mode                        0x08005611   Thumb Code   202  inv_mpu.o(.text.mpu_lp_accel_mode)
    mpu_read_fifo_stream                     0x080056dd   Thumb Code   168  inv_mpu.o(.text.mpu_read_fifo_stream)
    mpu_read_mem                             0x08005785   Thumb Code   100  inv_mpu.o(.text.mpu_read_mem)
    mpu_reset_fifo                           0x080057e9   Thumb Code   384  inv_mpu.o(.text.mpu_reset_fifo)
    mpu_run_self_test                        0x08005969   Thumb Code   270  inv_mpu.o(.text.mpu_run_self_test)
    mpu_set_accel_fsr                        0x08005a79   Thumb Code   120  inv_mpu.o(.text.mpu_set_accel_fsr)
    mpu_set_bypass                           0x08005af1   Thumb Code   234  inv_mpu.o(.text.mpu_set_bypass)
    mpu_set_dmp_state                        0x08005bdd   Thumb Code   140  inv_mpu.o(.text.mpu_set_dmp_state)
    mpu_set_gyro_fsr                         0x08005c69   Thumb Code   128  inv_mpu.o(.text.mpu_set_gyro_fsr)
    mpu_set_int_latched                      0x08005ce9   Thumb Code   102  inv_mpu.o(.text.mpu_set_int_latched)
    mpu_set_lpf                              0x08005d51   Thumb Code   110  inv_mpu.o(.text.mpu_set_lpf)
    mpu_set_sample_rate                      0x08005dc1   Thumb Code   138  inv_mpu.o(.text.mpu_set_sample_rate)
    mpu_set_sensors                          0x08005e4d   Thumb Code   188  inv_mpu.o(.text.mpu_set_sensors)
    mpu_write_mem                            0x08005f09   Thumb Code   100  inv_mpu.o(.text.mpu_write_mem)
    run_self_test                            0x08005f6d   Thumb Code   142  inv_mpu.o(.text.run_self_test)
    __ARM_fpclassify                         0x08006053   Thumb Code    48  fpclassify.o(i.__ARM_fpclassify)
    __hardfp_asin                            0x08006089   Thumb Code   770  asin.o(i.__hardfp_asin)
    __hardfp_atan                            0x080063e9   Thumb Code   622  atan.o(i.__hardfp_atan)
    __hardfp_atan2                           0x080066c1   Thumb Code   448  atan2.o(i.__hardfp_atan2)
    __kernel_poly                            0x080068c1   Thumb Code   248  poly.o(i.__kernel_poly)
    __mathlib_dbl_infnan                     0x080069b9   Thumb Code    20  dunder.o(i.__mathlib_dbl_infnan)
    __mathlib_dbl_infnan2                    0x080069cd   Thumb Code    20  dunder.o(i.__mathlib_dbl_infnan2)
    __mathlib_dbl_invalid                    0x080069e1   Thumb Code    24  dunder.o(i.__mathlib_dbl_invalid)
    __mathlib_dbl_underflow                  0x08006a01   Thumb Code    24  dunder.o(i.__mathlib_dbl_underflow)
    _is_digit                                0x08006a21   Thumb Code    14  __printf_wp.o(i._is_digit)
    atan                                     0x08006a2f   Thumb Code    16  atan.o(i.atan)
    fabs                                     0x08006a3f   Thumb Code    24  fabs.o(i.fabs)
    sqrt                                     0x08006a57   Thumb Code   110  sqrt.o(i.sqrt)
    __aeabi_dneg                             0x08006ac5   Thumb Code     0  basic.o(x$fpl$basic)
    _dneg                                    0x08006ac5   Thumb Code     6  basic.o(x$fpl$basic)
    __aeabi_fneg                             0x08006acb   Thumb Code     0  basic.o(x$fpl$basic)
    _fneg                                    0x08006acb   Thumb Code     6  basic.o(x$fpl$basic)
    _dabs                                    0x08006ad1   Thumb Code     6  basic.o(x$fpl$basic)
    _fabs                                    0x08006ad7   Thumb Code     6  basic.o(x$fpl$basic)
    __aeabi_d2f                              0x08006add   Thumb Code     0  d2f.o(x$fpl$d2f)
    _d2f                                     0x08006add   Thumb Code    98  d2f.o(x$fpl$d2f)
    __aeabi_dadd                             0x08006b41   Thumb Code     0  daddsub_clz.o(x$fpl$dadd)
    _dadd                                    0x08006b41   Thumb Code   332  daddsub_clz.o(x$fpl$dadd)
    __fpl_dcmp_Inf                           0x08006c91   Thumb Code    24  dcmpi.o(x$fpl$dcmpinf)
    __aeabi_ddiv                             0x08006ca9   Thumb Code     0  ddiv.o(x$fpl$ddiv)
    _ddiv                                    0x08006ca9   Thumb Code   552  ddiv.o(x$fpl$ddiv)
    __aeabi_cdcmpeq                          0x08006f59   Thumb Code     0  deqf.o(x$fpl$deqf)
    _dcmpeq                                  0x08006f59   Thumb Code   120  deqf.o(x$fpl$deqf)
    __aeabi_dmul                             0x08006fd1   Thumb Code     0  dmul.o(x$fpl$dmul)
    _dmul                                    0x08006fd1   Thumb Code   332  dmul.o(x$fpl$dmul)
    __fpl_dnaninf                            0x08007125   Thumb Code   156  dnaninf.o(x$fpl$dnaninf)
    __fpl_dretinf                            0x080071c1   Thumb Code    12  dretinf.o(x$fpl$dretinf)
    __aeabi_drsub                            0x080071cd   Thumb Code     0  daddsub_clz.o(x$fpl$drsb)
    _drsb                                    0x080071cd   Thumb Code    22  daddsub_clz.o(x$fpl$drsb)
    _dsqrt                                   0x080071e5   Thumb Code   404  dsqrt_umaal.o(x$fpl$dsqrt)
    __aeabi_dsub                             0x0800737d   Thumb Code     0  daddsub_clz.o(x$fpl$dsub)
    _dsub                                    0x0800737d   Thumb Code   464  daddsub_clz.o(x$fpl$dsub)
    __aeabi_f2d                              0x08007551   Thumb Code     0  f2d.o(x$fpl$f2d)
    _f2d                                     0x08007551   Thumb Code    86  f2d.o(x$fpl$f2d)
    __fpl_fnaninf                            0x080075a7   Thumb Code   140  fnaninf.o(x$fpl$fnaninf)
    _fp_init                                 0x08007633   Thumb Code    26  fpinit.o(x$fpl$fpinit)
    __fplib_config_fpu_vfp                   0x0800764b   Thumb Code     0  fpinit.o(x$fpl$fpinit)
    __fplib_config_pureend_doubles           0x0800764b   Thumb Code     0  fpinit.o(x$fpl$fpinit)
    __fpl_fretinf                            0x0800764d   Thumb Code    10  fretinf.o(x$fpl$fretinf)
    __I$use$fp                               0x08007656   Number         0  usenofp.o(x$fpl$usenofp)
    __mathlib_zero                           0x08007778   Data           8  qnan.o(.constdata)
    __stdin_name                             0x08007780   Data           4  sys_io_names.o(.constdata)
    __stdout_name                            0x08007784   Data           4  sys_io_names.o(.constdata)
    __stderr_name                            0x08007788   Data           4  sys_io_names.o(.constdata)
    AHBPrescTable                            0x08007792   Data          16  system_stm32f4xx.o(.rodata.AHBPrescTable)
    APBPrescTable                            0x080077a2   Data           8  system_stm32f4xx.o(.rodata.APBPrescTable)
    hw                                       0x080083b2   Data          12  inv_mpu.o(.rodata.hw)
    reg                                      0x080083be   Data          27  inv_mpu.o(.rodata.reg)
    test                                     0x0800843c   Data          40  inv_mpu.o(.rodata.test)
    Region$$Table$$Base                      0x08008464   Number         0  anon$$obj.o(Region$$Table)
    Region$$Table$$Limit                     0x08008484   Number         0  anon$$obj.o(Region$$Table)
    __aeabi_stdin                            0x20000000   Data           4  stdio_streams.o(.data)
    __aeabi_stdout                           0x20000004   Data           4  stdio_streams.o(.data)
    __aeabi_stderr                           0x20000008   Data           4  stdio_streams.o(.data)
    SystemCoreClock                          0x2000000c   Data           4  system_stm32f4xx.o(.data.SystemCoreClock)
    uwTickFreq                               0x20000048   Data           1  stm32f4xx_hal.o(.data.uwTickFreq)
    uwTickPrio                               0x2000004c   Data           4  stm32f4xx_hal.o(.data.uwTickPrio)
    __stdin                                  0x20000050   Data          84  stdio_streams.o(.bss)
    __stdout                                 0x200000a4   Data          84  stdio_streams.o(.bss)
    __stderr                                 0x200000f8   Data          84  stdio_streams.o(.bss)
    __libspace_start                         0x2000014c   Data          96  libspace.o(.bss)
    Flag                                     0x200001ac   Data           7  control.o(.bss.Flag)
    __temporary_stack_top$libspace           0x200001ac   Data           0  libspace.o(.bss)
    PID                                      0x200001b8   Data          60  pid.o(.bss.PID)
    Param                                    0x200001f4   Data          32  control.o(.bss.Param)
    USART2_RX_BUF                            0x20000222   Data          16  uart.o(.bss.USART2_RX_BUF)
    USART2_RX_STA                            0x20000232   Data           1  uart.o(.bss.USART2_RX_STA)
    USART2_newData                           0x20000233   Data           1  uart.o(.bss.USART2_newData)
    hi2c1                                    0x20000260   Data          84  i2c.o(.bss.hi2c1)
    htim1                                    0x200002b4   Data          72  tim.o(.bss.htim1)
    htim2                                    0x200002fc   Data          72  tim.o(.bss.htim2)
    htim3                                    0x20000344   Data          72  tim.o(.bss.htim3)
    htim4                                    0x2000038c   Data          72  tim.o(.bss.htim4)
    htim9                                    0x200003d4   Data          72  tim.o(.bss.htim9)
    huart2                                   0x2000041c   Data          72  usart.o(.bss.huart2)
    pitch                                    0x20000464   Data           4  control.o(.bss.pitch)
    roll                                     0x20000468   Data           4  control.o(.bss.roll)
    start_receive                            0x2000046c   Data           1  uart.o(.bss.start_receive)
    uwTick                                   0x20000470   Data           4  stm32f4xx_hal.o(.bss.uwTick)
    yaw                                      0x20000474   Data           4  control.o(.bss.yaw)



==============================================================================

Memory Map of the image

  Image Entry point : 0x08000195

  Load Region LR_IROM1 (Base: 0x08000000, Size: 0x000084d8, Max: 0x00040000, ABSOLUTE)

    Execution Region ER_IROM1 (Exec base: 0x08000000, Load base: 0x08000000, Size: 0x00008484, Max: 0x00040000, ABSOLUTE)

    Exec Addr    Load Addr    Size         Type   Attr      Idx    E Section Name        Object

    0x08000000   0x08000000   0x00000194   Data   RO            3    RESET               startup_stm32f401xc.o
    0x08000194   0x08000194   0x00000008   Code   RO         1771  * !!!main             c_w.l(__main.o)
    0x0800019c   0x0800019c   0x00000034   Code   RO         2257    !!!scatter          c_w.l(__scatter.o)
    0x080001d0   0x080001d0   0x0000001a   Code   RO         2259    !!handler_copy      c_w.l(__scatter_copy.o)
    0x080001ea   0x080001ea   0x00000002   PAD
    0x080001ec   0x080001ec   0x0000001c   Code   RO         2261    !!handler_zi        c_w.l(__scatter_zi.o)
    0x08000208   0x08000208   0x00000000   Code   RO         1760    .ARM.Collect$$_printf_percent$$00000000  c_w.l(_printf_percent.o)
    0x08000208   0x08000208   0x00000006   Code   RO         1759    .ARM.Collect$$_printf_percent$$00000009  c_w.l(_printf_d.o)
    0x0800020e   0x0800020e   0x00000006   Code   RO         1758    .ARM.Collect$$_printf_percent$$0000000C  c_w.l(_printf_x.o)
    0x08000214   0x08000214   0x00000004   Code   RO         1844    .ARM.Collect$$_printf_percent$$00000017  c_w.l(_printf_percent_end.o)
    0x08000218   0x08000218   0x00000002   Code   RO         2066    .ARM.Collect$$libinit$$00000000  c_w.l(libinit.o)
    0x0800021a   0x0800021a   0x00000004   Code   RO         2067    .ARM.Collect$$libinit$$00000001  c_w.l(libinit2.o)
    0x0800021e   0x0800021e   0x00000000   Code   RO         2070    .ARM.Collect$$libinit$$00000004  c_w.l(libinit2.o)
    0x0800021e   0x0800021e   0x00000008   Code   RO         2071    .ARM.Collect$$libinit$$00000005  c_w.l(libinit2.o)
    0x08000226   0x08000226   0x00000000   Code   RO         2073    .ARM.Collect$$libinit$$0000000A  c_w.l(libinit2.o)
    0x08000226   0x08000226   0x00000000   Code   RO         2075    .ARM.Collect$$libinit$$0000000C  c_w.l(libinit2.o)
    0x08000226   0x08000226   0x00000000   Code   RO         2077    .ARM.Collect$$libinit$$0000000E  c_w.l(libinit2.o)
    0x08000226   0x08000226   0x00000000   Code   RO         2080    .ARM.Collect$$libinit$$00000011  c_w.l(libinit2.o)
    0x08000226   0x08000226   0x00000000   Code   RO         2082    .ARM.Collect$$libinit$$00000013  c_w.l(libinit2.o)
    0x08000226   0x08000226   0x00000000   Code   RO         2084    .ARM.Collect$$libinit$$00000015  c_w.l(libinit2.o)
    0x08000226   0x08000226   0x00000000   Code   RO         2086    .ARM.Collect$$libinit$$00000017  c_w.l(libinit2.o)
    0x08000226   0x08000226   0x00000000   Code   RO         2088    .ARM.Collect$$libinit$$00000019  c_w.l(libinit2.o)
    0x08000226   0x08000226   0x00000000   Code   RO         2090    .ARM.Collect$$libinit$$0000001B  c_w.l(libinit2.o)
    0x08000226   0x08000226   0x00000000   Code   RO         2092    .ARM.Collect$$libinit$$0000001D  c_w.l(libinit2.o)
    0x08000226   0x08000226   0x00000000   Code   RO         2094    .ARM.Collect$$libinit$$0000001F  c_w.l(libinit2.o)
    0x08000226   0x08000226   0x00000000   Code   RO         2096    .ARM.Collect$$libinit$$00000021  c_w.l(libinit2.o)
    0x08000226   0x08000226   0x00000000   Code   RO         2098    .ARM.Collect$$libinit$$00000023  c_w.l(libinit2.o)
    0x08000226   0x08000226   0x00000004   Code   RO         2099    .ARM.Collect$$libinit$$00000024  c_w.l(libinit2.o)
    0x0800022a   0x0800022a   0x00000000   Code   RO         2100    .ARM.Collect$$libinit$$00000025  c_w.l(libinit2.o)
    0x0800022a   0x0800022a   0x00000000   Code   RO         2104    .ARM.Collect$$libinit$$0000002C  c_w.l(libinit2.o)
    0x0800022a   0x0800022a   0x00000000   Code   RO         2106    .ARM.Collect$$libinit$$0000002E  c_w.l(libinit2.o)
    0x0800022a   0x0800022a   0x00000000   Code   RO         2108    .ARM.Collect$$libinit$$00000030  c_w.l(libinit2.o)
    0x0800022a   0x0800022a   0x00000000   Code   RO         2110    .ARM.Collect$$libinit$$00000032  c_w.l(libinit2.o)
    0x0800022a   0x0800022a   0x00000002   Code   RO         2111    .ARM.Collect$$libinit$$00000033  c_w.l(libinit2.o)
    0x0800022c   0x0800022c   0x00000002   Code   RO         2238    .ARM.Collect$$libshutdown$$00000000  c_w.l(libshutdown.o)
    0x0800022e   0x0800022e   0x00000000   Code   RO         2113    .ARM.Collect$$libshutdown$$00000002  c_w.l(libshutdown2.o)
    0x0800022e   0x0800022e   0x00000004   Code   RO         2114    .ARM.Collect$$libshutdown$$00000003  c_w.l(libshutdown2.o)
    0x08000232   0x08000232   0x00000000   Code   RO         2115    .ARM.Collect$$libshutdown$$00000004  c_w.l(libshutdown2.o)
    0x08000232   0x08000232   0x00000000   Code   RO         2118    .ARM.Collect$$libshutdown$$00000007  c_w.l(libshutdown2.o)
    0x08000232   0x08000232   0x00000000   Code   RO         2121    .ARM.Collect$$libshutdown$$0000000A  c_w.l(libshutdown2.o)
    0x08000232   0x08000232   0x00000000   Code   RO         2123    .ARM.Collect$$libshutdown$$0000000C  c_w.l(libshutdown2.o)
    0x08000232   0x08000232   0x00000000   Code   RO         2126    .ARM.Collect$$libshutdown$$0000000F  c_w.l(libshutdown2.o)
    0x08000232   0x08000232   0x00000002   Code   RO         2127    .ARM.Collect$$libshutdown$$00000010  c_w.l(libshutdown2.o)
    0x08000234   0x08000234   0x00000000   Code   RO         1833    .ARM.Collect$$rtentry$$00000000  c_w.l(__rtentry.o)
    0x08000234   0x08000234   0x00000000   Code   RO         1935    .ARM.Collect$$rtentry$$00000002  c_w.l(__rtentry2.o)
    0x08000234   0x08000234   0x00000006   Code   RO         1947    .ARM.Collect$$rtentry$$00000004  c_w.l(__rtentry4.o)
    0x0800023a   0x0800023a   0x00000000   Code   RO         1937    .ARM.Collect$$rtentry$$00000009  c_w.l(__rtentry2.o)
    0x0800023a   0x0800023a   0x00000004   Code   RO         1938    .ARM.Collect$$rtentry$$0000000A  c_w.l(__rtentry2.o)
    0x0800023e   0x0800023e   0x00000000   Code   RO         1940    .ARM.Collect$$rtentry$$0000000C  c_w.l(__rtentry2.o)
    0x0800023e   0x0800023e   0x00000008   Code   RO         1941    .ARM.Collect$$rtentry$$0000000D  c_w.l(__rtentry2.o)
    0x08000246   0x08000246   0x00000002   Code   RO         2132    .ARM.Collect$$rtexit$$00000000  c_w.l(rtexit.o)
    0x08000248   0x08000248   0x00000000   Code   RO         2185    .ARM.Collect$$rtexit$$00000002  c_w.l(rtexit2.o)
    0x08000248   0x08000248   0x00000004   Code   RO         2186    .ARM.Collect$$rtexit$$00000003  c_w.l(rtexit2.o)
    0x0800024c   0x0800024c   0x00000006   Code   RO         2187    .ARM.Collect$$rtexit$$00000004  c_w.l(rtexit2.o)
    0x08000252   0x08000252   0x00000002   PAD
    0x08000254   0x08000254   0x00000040   Code   RO            4    .text               startup_stm32f401xc.o
    0x08000294   0x08000294   0x000000f0   Code   RO         1703    .text               c_w.l(lludivv7m.o)
    0x08000384   0x08000384   0x00000074   Code   RO         1705    .text               c_w.l(llsdiv.o)
    0x080003f8   0x080003f8   0x00000018   Code   RO         1709    .text               c_w.l(noretval__2printf.o)
    0x08000410   0x08000410   0x0000004e   Code   RO         1713    .text               c_w.l(_printf_pad.o)
    0x0800045e   0x0800045e   0x00000002   PAD
    0x08000460   0x08000460   0x00000078   Code   RO         1715    .text               c_w.l(_printf_dec.o)
    0x080004d8   0x080004d8   0x00000058   Code   RO         1720    .text               c_w.l(_printf_hex_int.o)
    0x08000530   0x08000530   0x00000138   Code   RO         1750    .text               c_w.l(__printf_flags_wp.o)
    0x08000668   0x08000668   0x0000002c   Code   RO         1761    .text               c_w.l(puts.o)
    0x08000694   0x08000694   0x00000058   Code   RO         1763    .text               c_w.l(memcmp.o)
    0x080006ec   0x080006ec   0x0000003e   Code   RO         1765    .text               c_w.l(strlen.o)
    0x0800072a   0x0800072a   0x0000004e   Code   RO         1767    .text               c_w.l(rt_memclr_w.o)
    0x08000778   0x08000778   0x00000006   Code   RO         1769    .text               c_w.l(heapauxi.o)
    0x0800077e   0x0800077e   0x00000016   Code   RO         1838    .text               c_w.l(_rserrno.o)
    0x08000794   0x08000794   0x000000b2   Code   RO         1840    .text               c_w.l(_printf_intcommon.o)
    0x08000846   0x08000846   0x00000002   PAD
    0x08000848   0x08000848   0x00000024   Code   RO         1842    .text               c_w.l(_printf_char_file.o)
    0x0800086c   0x0800086c   0x00000008   Code   RO         1954    .text               c_w.l(rt_errno_addr_intlibspace.o)
    0x08000874   0x08000874   0x00000030   Code   RO         1956    .text               c_w.l(_printf_char_common.o)
    0x080008a4   0x080008a4   0x00000008   Code   RO         1958    .text               c_w.l(ferror.o)
    0x080008ac   0x080008ac   0x00000138   Code   RO         1960    .text               c_w.l(initio.o)
    0x080009e4   0x080009e4   0x00000008   Code   RO         1975    .text               c_w.l(libspace.o)
    0x080009ec   0x080009ec   0x0000004a   Code   RO         1980    .text               c_w.l(sys_stackheap_outer.o)
    0x08000a36   0x08000a36   0x0000004e   Code   RO         1984    .text               c_w.l(h1_free.o)
    0x08000a84   0x08000a84   0x00000046   Code   RO         2040    .text               c_w.l(setvbuf.o)
    0x08000aca   0x08000aca   0x00000002   PAD
    0x08000acc   0x08000acc   0x000000f0   Code   RO         2043    .text               c_w.l(fopen.o)
    0x08000bbc   0x08000bbc   0x0000004c   Code   RO         2045    .text               c_w.l(fclose.o)
    0x08000c08   0x08000c08   0x00000012   Code   RO         2051    .text               c_w.l(exit.o)
    0x08000c1a   0x08000c1a   0x0000000e   Code   RO         2057    .text               c_w.l(defsig_rtred_outer.o)
    0x08000c28   0x08000c28   0x00000066   Code   RO         2128    .text               c_w.l(sys_io.o)
    0x08000c8e   0x08000c8e   0x00000002   PAD
    0x08000c90   0x08000c90   0x00000008   Code   RO         2139    .text               c_w.l(rt_heap_descriptor_intlibspace.o)
    0x08000c98   0x08000c98   0x00000004   Code   RO         2141    .text               c_w.l(hguard.o)
    0x08000c9c   0x08000c9c   0x0000008a   Code   RO         2143    .text               c_w.l(init_alloc.o)
    0x08000d26   0x08000d26   0x0000005e   Code   RO         2149    .text               c_w.l(h1_alloc.o)
    0x08000d84   0x08000d84   0x000000f8   Code   RO         2161    .text               c_w.l(fseek.o)
    0x08000e7c   0x08000e7c   0x000000f0   Code   RO         2163    .text               c_w.l(stdio.o)
    0x08000f6c   0x08000f6c   0x0000000a   Code   RO         2165    .text               c_w.l(defsig_exit.o)
    0x08000f76   0x08000f76   0x00000002   PAD
    0x08000f78   0x08000f78   0x00000034   Code   RO         2169    .text               c_w.l(defsig_rtred_inner.o)
    0x08000fac   0x08000fac   0x0000000c   Code   RO         2177    .text               c_w.l(sys_exit.o)
    0x08000fb8   0x08000fb8   0x00000002   Code   RO         2181    .text               c_w.l(use_no_semi.o)
    0x08000fba   0x08000fba   0x00000000   Code   RO         2183    .text               c_w.l(indicate_semi.o)
    0x08000fba   0x08000fba   0x00000000   Code   RO         2191    .text               c_w.l(maybetermalloc1.o)
    0x08000fba   0x08000fba   0x0000000e   Code   RO         2193    .text               c_w.l(h1_init.o)
    0x08000fc8   0x08000fc8   0x00000034   Code   RO         2195    .text               c_w.l(h1_extend.o)
    0x08000ffc   0x08000ffc   0x00000042   Code   RO         2201    .text               c_w.l(ftell.o)
    0x0800103e   0x0800103e   0x00000032   Code   RO         2205    .text               c_w.l(defsig_general.o)
    0x08001070   0x08001070   0x0000000e   Code   RO         2207    .text               c_w.l(defsig_rtmem_outer.o)
    0x0800107e   0x0800107e   0x0000000e   Code   RO         2220    .text               c_w.l(sys_wrch.o)
    0x0800108c   0x0800108c   0x00000050   Code   RO         2232    .text               c_w.l(defsig_rtmem_inner.o)
    0x080010dc   0x080010dc   0x00000002   Code   RO          104    .text.BusFault_Handler  stm32f4xx_it.o
    0x080010de   0x080010de   0x00000002   PAD
    0x080010e0   0x080010e0   0x00000002   Code   RO          110    .text.DebugMon_Handler  stm32f4xx_it.o
    0x080010e2   0x080010e2   0x00000002   PAD
    0x080010e4   0x080010e4   0x0000000a   Code   RO          116    .text.EXTI0_IRQHandler  stm32f4xx_it.o
    0x080010ee   0x080010ee   0x00000002   PAD
    0x080010f0   0x080010f0   0x0000000c   Code   RO          122    .text.EXTI15_10_IRQHandler  stm32f4xx_it.o
    0x080010fc   0x080010fc   0x0000000a   Code   RO          118    .text.EXTI4_IRQHandler  stm32f4xx_it.o
    0x08001106   0x08001106   0x00000002   PAD
    0x08001108   0x08001108   0x00000006   Code   RO           15    .text.Error_Handler  main.o
    0x0800110e   0x0800110e   0x00000002   PAD
    0x08001110   0x08001110   0x00000080   Code   RO          529    .text.HAL_DMA_Abort  stm32f4xx_hal_dma.o
    0x08001190   0x08001190   0x00000024   Code   RO          531    .text.HAL_DMA_Abort_IT  stm32f4xx_hal_dma.o
    0x080011b4   0x080011b4   0x00000028   Code   RO          721    .text.HAL_Delay     stm32f4xx_hal.o
    0x080011dc   0x080011dc   0x000000d0   Code   RO         1329    .text.HAL_GPIO_EXTI_Callback  control.o
    0x080012ac   0x080012ac   0x0000001a   Code   RO          487    .text.HAL_GPIO_EXTI_IRQHandler  stm32f4xx_hal_gpio.o
    0x080012c6   0x080012c6   0x00000002   PAD
    0x080012c8   0x080012c8   0x0000019a   Code   RO          475    .text.HAL_GPIO_Init  stm32f4xx_hal_gpio.o
    0x08001462   0x08001462   0x00000002   PAD
    0x08001464   0x08001464   0x0000000a   Code   RO          479    .text.HAL_GPIO_ReadPin  stm32f4xx_hal_gpio.o
    0x0800146e   0x0800146e   0x00000002   PAD
    0x08001470   0x08001470   0x00000010   Code   RO          483    .text.HAL_GPIO_TogglePin  stm32f4xx_hal_gpio.o
    0x08001480   0x08001480   0x0000000a   Code   RO          481    .text.HAL_GPIO_WritePin  stm32f4xx_hal_gpio.o
    0x0800148a   0x0800148a   0x00000002   PAD
    0x0800148c   0x0800148c   0x0000000c   Code   RO          713    .text.HAL_GetTick   stm32f4xx_hal.o
    0x08001498   0x08001498   0x0000018e   Code   RO          139    .text.HAL_I2C_Init  stm32f4xx_hal_i2c.o
    0x08001626   0x08001626   0x00000002   PAD
    0x08001628   0x08001628   0x00000074   Code   RO           37    .text.HAL_I2C_MspInit  i2c.o
    0x0800169c   0x0800169c   0x0000001a   Code   RO          711    .text.HAL_IncTick   stm32f4xx_hal.o
    0x080016b6   0x080016b6   0x00000002   PAD
    0x080016b8   0x080016b8   0x00000036   Code   RO          701    .text.HAL_Init      stm32f4xx_hal.o
    0x080016ee   0x080016ee   0x00000002   PAD
    0x080016f0   0x080016f0   0x00000050   Code   RO          703    .text.HAL_InitTick  stm32f4xx_hal.o
    0x08001740   0x08001740   0x00000038   Code   RO          131    .text.HAL_MspInit   stm32f4xx_hal_msp.o
    0x08001778   0x08001778   0x00000008   Code   RO          635    .text.HAL_NVIC_EnableIRQ  stm32f4xx_hal_cortex.o
    0x08001780   0x08001780   0x0000001e   Code   RO          627    .text.HAL_NVIC_SetPriority  stm32f4xx_hal_cortex.o
    0x0800179e   0x0800179e   0x00000002   PAD
    0x080017a0   0x080017a0   0x00000008   Code   RO          623    .text.HAL_NVIC_SetPriorityGrouping  stm32f4xx_hal_cortex.o
    0x080017a8   0x080017a8   0x00000160   Code   RO          327    .text.HAL_RCC_ClockConfig  stm32f4xx_hal_rcc.o
    0x08001908   0x08001908   0x0000000c   Code   RO          337    .text.HAL_RCC_GetHCLKFreq  stm32f4xx_hal_rcc.o
    0x08001914   0x08001914   0x00000022   Code   RO          339    .text.HAL_RCC_GetPCLK1Freq  stm32f4xx_hal_rcc.o
    0x08001936   0x08001936   0x00000002   PAD
    0x08001938   0x08001938   0x00000022   Code   RO          341    .text.HAL_RCC_GetPCLK2Freq  stm32f4xx_hal_rcc.o
    0x0800195a   0x0800195a   0x00000002   PAD
    0x0800195c   0x0800195c   0x00000068   Code   RO          329    .text.HAL_RCC_GetSysClockFreq  stm32f4xx_hal_rcc.o
    0x080019c4   0x080019c4   0x00000344   Code   RO          325    .text.HAL_RCC_OscConfig  stm32f4xx_hal_rcc.o
    0x08001d08   0x08001d08   0x00000008   Code   RO          647    .text.HAL_SYSTICK_Config  stm32f4xx_hal_cortex.o
    0x08001d10   0x08001d10   0x0000004c   Code   RO         1108    .text.HAL_TIMEx_ConfigBreakDeadTime  stm32f4xx_hal_tim_ex.o
    0x08001d5c   0x08001d5c   0x00000094   Code   RO         1106    .text.HAL_TIMEx_MasterConfigSynchronization  stm32f4xx_hal_tim_ex.o
    0x08001df0   0x08001df0   0x0000005a   Code   RO          792    .text.HAL_TIM_Base_Init  stm32f4xx_hal_tim.o
    0x08001e4a   0x08001e4a   0x00000002   PAD
    0x08001e4c   0x08001e4c   0x00000092   Code   RO           62    .text.HAL_TIM_Base_MspInit  tim.o
    0x08001ede   0x08001ede   0x00000002   PAD
    0x08001ee0   0x08001ee0   0x0000007c   Code   RO          802    .text.HAL_TIM_Base_Start  stm32f4xx_hal_tim.o
    0x08001f5c   0x08001f5c   0x000000de   Code   RO          984    .text.HAL_TIM_ConfigClockSource  stm32f4xx_hal_tim.o
    0x0800203a   0x0800203a   0x00000002   PAD
    0x0800203c   0x0800203c   0x000000b2   Code   RO          906    .text.HAL_TIM_Encoder_Init  stm32f4xx_hal_tim.o
    0x080020ee   0x080020ee   0x00000002   PAD
    0x080020f0   0x080020f0   0x000000ba   Code   RO           64    .text.HAL_TIM_Encoder_MspInit  tim.o
    0x080021aa   0x080021aa   0x00000002   PAD
    0x080021ac   0x080021ac   0x000000a4   Code   RO          914    .text.HAL_TIM_Encoder_Start  stm32f4xx_hal_tim.o
    0x08002250   0x08002250   0x0000008e   Code   RO           52    .text.HAL_TIM_MspPostInit  tim.o
    0x080022de   0x080022de   0x00000002   PAD
    0x080022e0   0x080022e0   0x00000098   Code   RO          958    .text.HAL_TIM_PWM_ConfigChannel  stm32f4xx_hal_tim.o
    0x08002378   0x08002378   0x0000005a   Code   RO          846    .text.HAL_TIM_PWM_Init  stm32f4xx_hal_tim.o
    0x080023d2   0x080023d2   0x00000002   PAD
    0x080023d4   0x080023d4   0x00000002   Code   RO          848    .text.HAL_TIM_PWM_MspInit  stm32f4xx_hal_tim.o
    0x080023d6   0x080023d6   0x00000002   PAD
    0x080023d8   0x080023d8   0x000000d4   Code   RO          854    .text.HAL_TIM_PWM_Start  stm32f4xx_hal_tim.o
    0x080024ac   0x080024ac   0x00000034   Code   RO         1000    .text.HAL_TIM_ReadCapturedValue  stm32f4xx_hal_tim.o
    0x080024e0   0x080024e0   0x00000002   Code   RO         1222    .text.HAL_UARTEx_RxEventCallback  stm32f4xx_hal_uart.o
    0x080024e2   0x080024e2   0x00000002   PAD
    0x080024e4   0x080024e4   0x00000002   Code   RO         1220    .text.HAL_UART_ErrorCallback  stm32f4xx_hal_uart.o
    0x080024e6   0x080024e6   0x00000002   PAD
    0x080024e8   0x080024e8   0x00000252   Code   RO         1214    .text.HAL_UART_IRQHandler  stm32f4xx_hal_uart.o
    0x0800273a   0x0800273a   0x00000002   PAD
    0x0800273c   0x0800273c   0x00000060   Code   RO         1130    .text.HAL_UART_Init  stm32f4xx_hal_uart.o
    0x0800279c   0x0800279c   0x00000082   Code   RO           85    .text.HAL_UART_MspInit  usart.o
    0x0800281e   0x0800281e   0x00000002   PAD
    0x08002820   0x08002820   0x0000002a   Code   RO         1154    .text.HAL_UART_Receive_IT  stm32f4xx_hal_uart.o
    0x0800284a   0x0800284a   0x00000002   PAD
    0x0800284c   0x0800284c   0x0000005c   Code   RO         1398    .text.HAL_UART_RxCpltCallback  uart.o
    0x080028a8   0x080028a8   0x000000b4   Code   RO         1146    .text.HAL_UART_Transmit  stm32f4xx_hal_uart.o
    0x0800295c   0x0800295c   0x00000002   Code   RO         1228    .text.HAL_UART_TxCpltCallback  stm32f4xx_hal_uart.o
    0x0800295e   0x0800295e   0x00000002   PAD
    0x08002960   0x08002960   0x00000002   Code   RO          100    .text.HardFault_Handler  stm32f4xx_it.o
    0x08002962   0x08002962   0x00000002   PAD
    0x08002964   0x08002964   0x0000002a   Code   RO         1477    .text.I2C_End       mpuiic.o
    0x0800298e   0x0800298e   0x00000002   PAD
    0x08002990   0x08002990   0x00000052   Code   RO         1485    .text.I2C_ReadByte  mpuiic.o
    0x080029e2   0x080029e2   0x00000002   PAD
    0x080029e4   0x080029e4   0x0000003e   Code   RO         1483    .text.I2C_SendByte  mpuiic.o
    0x08002a22   0x08002a22   0x00000002   PAD
    0x08002a24   0x08002a24   0x00000034   Code   RO         1475    .text.I2C_Start     mpuiic.o
    0x08002a58   0x08002a58   0x00000036   Code   RO         1481    .text.IIC_Get_ACK   mpuiic.o
    0x08002a8e   0x08002a8e   0x00000002   PAD
    0x08002a90   0x08002a90   0x00000030   Code   RO         1479    .text.IIC_Send_ACK  mpuiic.o
    0x08002ac0   0x08002ac0   0x00000064   Code   RO         1333    .text.Limit         control.o
    0x08002b24   0x08002b24   0x00000098   Code   RO         1315    .text.Load          motor.o
    0x08002bbc   0x08002bbc   0x0000006a   Code   RO         1449    .text.MPU_Init      mpu6050.o
    0x08002c26   0x08002c26   0x00000002   PAD
    0x08002c28   0x08002c28   0x0000002e   Code   RO         1493    .text.MPU_Read_Byte  mpuiic.o
    0x08002c56   0x08002c56   0x00000002   PAD
    0x08002c58   0x08002c58   0x00000050   Code   RO         1489    .text.MPU_Read_Len  mpuiic.o
    0x08002ca8   0x08002ca8   0x0000000e   Code   RO         1453    .text.MPU_Set_Accel_Fsr  mpu6050.o
    0x08002cb6   0x08002cb6   0x00000002   PAD
    0x08002cb8   0x08002cb8   0x0000000e   Code   RO         1451    .text.MPU_Set_Gyro_Fsr  mpu6050.o
    0x08002cc6   0x08002cc6   0x00000002   PAD
    0x08002cc8   0x08002cc8   0x00000032   Code   RO         1457    .text.MPU_Set_LPF   mpu6050.o
    0x08002cfa   0x08002cfa   0x00000002   PAD
    0x08002cfc   0x08002cfc   0x0000002c   Code   RO         1455    .text.MPU_Set_Rate  mpu6050.o
    0x08002d28   0x08002d28   0x00000024   Code   RO         1491    .text.MPU_Write_Byte  mpuiic.o
    0x08002d4c   0x08002d4c   0x0000003a   Code   RO         1487    .text.MPU_Write_Len  mpuiic.o
    0x08002d86   0x08002d86   0x00000002   PAD
    0x08002d88   0x08002d88   0x00000150   Code   RO           26    .text.MX_GPIO_Init  gpio.o
    0x08002ed8   0x08002ed8   0x0000003e   Code   RO           35    .text.MX_I2C1_Init  i2c.o
    0x08002f16   0x08002f16   0x00000002   PAD
    0x08002f18   0x08002f18   0x00000122   Code   RO           50    .text.MX_TIM1_Init  tim.o
    0x0800303a   0x0800303a   0x00000002   PAD
    0x0800303c   0x0800303c   0x00000070   Code   RO           54    .text.MX_TIM2_Init  tim.o
    0x080030ac   0x080030ac   0x000000ce   Code   RO           56    .text.MX_TIM3_Init  tim.o
    0x0800317a   0x0800317a   0x00000002   PAD
    0x0800317c   0x0800317c   0x00000074   Code   RO           58    .text.MX_TIM4_Init  tim.o
    0x080031f0   0x080031f0   0x0000005a   Code   RO           60    .text.MX_TIM9_Init  tim.o
    0x0800324a   0x0800324a   0x00000002   PAD
    0x0800324c   0x0800324c   0x00000038   Code   RO           83    .text.MX_USART2_UART_Init  usart.o
    0x08003284   0x08003284   0x00000002   Code   RO          102    .text.MemManage_Handler  stm32f4xx_it.o
    0x08003286   0x08003286   0x00000002   PAD
    0x08003288   0x08003288   0x00000002   Code   RO           98    .text.NMI_Handler   stm32f4xx_it.o
    0x0800328a   0x0800328a   0x00000002   PAD
    0x0800328c   0x0800328c   0x0000002c   Code   RO          633    .text.NVIC_EncodePriority  stm32f4xx_hal_cortex.o
    0x080032b8   0x080032b8   0x00000002   Code   RO          112    .text.PendSV_Handler  stm32f4xx_it.o
    0x080032ba   0x080032ba   0x00000006   PAD
    0x080032c0   0x080032c0   0x000000ec   Code   RO         1279    .text.Position_PID_Servo  pid.o
    0x080033ac   0x080033ac   0x00000024   Code   RO         1331    .text.Position_PID_Servo_Realize  control.o
    0x080033d0   0x080033d0   0x0000002c   Code   RO         1365    .text.Read_Speed    encoder.o
    0x080033fc   0x080033fc   0x00000002   Code   RO          108    .text.SVC_Handler   stm32f4xx_it.o
    0x080033fe   0x080033fe   0x00000002   PAD
    0x08003400   0x08003400   0x0000002e   Code   RO          649    .text.SysTick_Config  stm32f4xx_hal_cortex.o
    0x0800342e   0x0800342e   0x00000002   PAD
    0x08003430   0x08003430   0x00000008   Code   RO          114    .text.SysTick_Handler  stm32f4xx_it.o
    0x08003438   0x08003438   0x000000a0   Code   RO           13    .text.SystemClock_Config  main.o
    0x080034d8   0x080034d8   0x00000012   Code   RO         1262    .text.SystemInit    system_stm32f4xx.o
    0x080034ea   0x080034ea   0x00000002   PAD
    0x080034ec   0x080034ec   0x000000ea   Code   RO          796    .text.TIM_Base_SetConfig  stm32f4xx_hal_tim.o
    0x080035d6   0x080035d6   0x00000002   PAD
    0x080035d8   0x080035d8   0x00000024   Code   RO          830    .text.TIM_CCxChannelCmd  stm32f4xx_hal_tim.o
    0x080035fc   0x080035fc   0x00000016   Code   RO          982    .text.TIM_ETR_SetConfig  stm32f4xx_hal_tim.o
    0x08003612   0x08003612   0x00000002   PAD
    0x08003614   0x08003614   0x00000010   Code   RO          988    .text.TIM_ITRx_SetConfig  stm32f4xx_hal_tim.o
    0x08003624   0x08003624   0x00000060   Code   RO          940    .text.TIM_OC1_SetConfig  stm32f4xx_hal_tim.o
    0x08003684   0x08003684   0x00000068   Code   RO          942    .text.TIM_OC2_SetConfig  stm32f4xx_hal_tim.o
    0x080036ec   0x080036ec   0x00000068   Code   RO          944    .text.TIM_OC3_SetConfig  stm32f4xx_hal_tim.o
    0x08003754   0x08003754   0x00000048   Code   RO          946    .text.TIM_OC4_SetConfig  stm32f4xx_hal_tim.o
    0x0800379c   0x0800379c   0x00000022   Code   RO          986    .text.TIM_TI1_ConfigInputStage  stm32f4xx_hal_tim.o
    0x080037be   0x080037be   0x00000002   PAD
    0x080037c0   0x080037c0   0x00000024   Code   RO          990    .text.TIM_TI2_ConfigInputStage  stm32f4xx_hal_tim.o
    0x080037e4   0x080037e4   0x0000003a   Code   RO         1335    .text.Timer_Count_Handler  control.o
    0x0800381e   0x0800381e   0x00000002   PAD
    0x08003820   0x08003820   0x00000010   Code   RO         1218    .text.UART_DMAAbortOnError  stm32f4xx_hal_uart.o
    0x08003830   0x08003830   0x00000050   Code   RO         1178    .text.UART_EndRxTransfer  stm32f4xx_hal_uart.o
    0x08003880   0x08003880   0x00000018   Code   RO         1226    .text.UART_EndTransmit_IT  stm32f4xx_hal_uart.o
    0x08003898   0x08003898   0x000000c8   Code   RO         1216    .text.UART_Receive_IT  stm32f4xx_hal_uart.o
    0x08003960   0x08003960   0x000000dc   Code   RO         1134    .text.UART_SetConfig  stm32f4xx_hal_uart.o
    0x08003a3c   0x08003a3c   0x00000034   Code   RO         1156    .text.UART_Start_Receive_IT  stm32f4xx_hal_uart.o
    0x08003a70   0x08003a70   0x00000052   Code   RO         1224    .text.UART_Transmit_IT  stm32f4xx_hal_uart.o
    0x08003ac2   0x08003ac2   0x00000002   PAD
    0x08003ac4   0x08003ac4   0x00000088   Code   RO         1148    .text.UART_WaitOnFlagUntilTimeout  stm32f4xx_hal_uart.o
    0x08003b4c   0x08003b4c   0x00000010   Code   RO          120    .text.USART2_IRQHandler  stm32f4xx_it.o
    0x08003b5c   0x08003b5c   0x00000002   Code   RO          106    .text.UsageFault_Handler  stm32f4xx_it.o
    0x08003b5e   0x08003b5e   0x00000002   PAD
    0x08003b60   0x08003b60   0x0000001e   Code   RO         1396    .text.Usart2_SendString  uart.o
    0x08003b7e   0x08003b7e   0x00000002   PAD
    0x08003b80   0x08003b80   0x00000060   Code   RO         1285    .text.VelocityRing_MOTOR1_Control  pid.o
    0x08003be0   0x08003be0   0x00000060   Code   RO         1287    .text.VelocityRing_MOTOR2_Control  pid.o
    0x08003c40   0x08003c40   0x000000c4   Code   RO         1281    .text.VelocityRing_PID_MOTOR1_Realize  pid.o
    0x08003d04   0x08003d04   0x000000c4   Code   RO         1283    .text.VelocityRing_PID_MOTOR2_Realize  pid.o
    0x08003dc8   0x08003dc8   0x00000020   Code   RO          637    .text.__NVIC_EnableIRQ  stm32f4xx_hal_cortex.o
    0x08003de8   0x08003de8   0x00000010   Code   RO          629    .text.__NVIC_GetPriorityGrouping  stm32f4xx_hal_cortex.o
    0x08003df8   0x08003df8   0x00000022   Code   RO          631    .text.__NVIC_SetPriority  stm32f4xx_hal_cortex.o
    0x08003e1a   0x08003e1a   0x00000002   PAD
    0x08003e1c   0x08003e1c   0x00000020   Code   RO          625    .text.__NVIC_SetPriorityGrouping  stm32f4xx_hal_cortex.o
    0x08003e3c   0x08003e3c   0x000000ac   Code   RO         1575    .text.accel_self_test  inv_mpu.o
    0x08003ee8   0x08003ee8   0x00000040   Code   RO         1672    .text.decode_gesture  inv_mpu_dmp_motion_driver.o
    0x08003f28   0x08003f28   0x0000002a   Code   RO         1664    .text.dmp_enable_6x_lp_quat  inv_mpu_dmp_motion_driver.o
    0x08003f52   0x08003f52   0x00000002   PAD
    0x08003f54   0x08003f54   0x000001ec   Code   RO         1658    .text.dmp_enable_feature  inv_mpu_dmp_motion_driver.o
    0x08004140   0x08004140   0x0000004a   Code   RO         1660    .text.dmp_enable_gyro_cal  inv_mpu_dmp_motion_driver.o
    0x0800418a   0x0800418a   0x00000002   PAD
    0x0800418c   0x0800418c   0x0000002a   Code   RO         1662    .text.dmp_enable_lp_quat  inv_mpu_dmp_motion_driver.o
    0x080041b6   0x080041b6   0x00000002   PAD
    0x080041b8   0x080041b8   0x0000001a   Code   RO         1622    .text.dmp_load_motion_driver_firmware  inv_mpu_dmp_motion_driver.o
    0x080041d2   0x080041d2   0x00000002   PAD
    0x080041d4   0x080041d4   0x000001aa   Code   RO         1670    .text.dmp_read_fifo  inv_mpu_dmp_motion_driver.o
    0x0800437e   0x0800437e   0x00000002   PAD
    0x08004380   0x08004380   0x000000be   Code   RO         1628    .text.dmp_set_accel_bias  inv_mpu_dmp_motion_driver.o
    0x0800443e   0x0800443e   0x00000002   PAD
    0x08004440   0x08004440   0x0000006c   Code   RO         1630    .text.dmp_set_fifo_rate  inv_mpu_dmp_motion_driver.o
    0x080044ac   0x080044ac   0x000000b2   Code   RO         1626    .text.dmp_set_gyro_bias  inv_mpu_dmp_motion_driver.o
    0x0800455e   0x0800455e   0x00000002   PAD
    0x08004560   0x08004560   0x00000110   Code   RO         1624    .text.dmp_set_orientation  inv_mpu_dmp_motion_driver.o
    0x08004670   0x08004670   0x0000002c   Code   RO         1644    .text.dmp_set_shake_reject_thresh  inv_mpu_dmp_motion_driver.o
    0x0800469c   0x0800469c   0x0000002a   Code   RO         1646    .text.dmp_set_shake_reject_time  inv_mpu_dmp_motion_driver.o
    0x080046c6   0x080046c6   0x00000002   PAD
    0x080046c8   0x080046c8   0x0000002a   Code   RO         1648    .text.dmp_set_shake_reject_timeout  inv_mpu_dmp_motion_driver.o
    0x080046f2   0x080046f2   0x00000002   PAD
    0x080046f4   0x080046f4   0x0000003e   Code   RO         1636    .text.dmp_set_tap_axes  inv_mpu_dmp_motion_driver.o
    0x08004732   0x08004732   0x00000002   PAD
    0x08004734   0x08004734   0x00000028   Code   RO         1638    .text.dmp_set_tap_count  inv_mpu_dmp_motion_driver.o
    0x0800475c   0x0800475c   0x00000178   Code   RO         1634    .text.dmp_set_tap_thresh  inv_mpu_dmp_motion_driver.o
    0x080048d4   0x080048d4   0x0000002a   Code   RO         1640    .text.dmp_set_tap_time  inv_mpu_dmp_motion_driver.o
    0x080048fe   0x080048fe   0x00000002   PAD
    0x08004900   0x08004900   0x0000002a   Code   RO         1642    .text.dmp_set_tap_time_multi  inv_mpu_dmp_motion_driver.o
    0x0800492a   0x0800492a   0x00000002   PAD
    0x0800492c   0x0800492c   0x00000020   Code   RO         1428    .text.fputc         print.o
    0x0800494c   0x0800494c   0x000000c4   Code   RO         1605    .text.get_accel_prod_shift  inv_mpu.o
    0x08004a10   0x08004a10   0x00000354   Code   RO         1573    .text.get_st_biases  inv_mpu.o
    0x08004d64   0x08004d64   0x00000110   Code   RO         1577    .text.gyro_self_test  inv_mpu.o
    0x08004e74   0x08004e74   0x00000022   Code   RO         1597    .text.inv_orientation_matrix_to_scalar  inv_mpu.o
    0x08004e96   0x08004e96   0x00000002   PAD
    0x08004e98   0x08004e98   0x0000003a   Code   RO         1599    .text.inv_row_2_scale  inv_mpu.o
    0x08004ed2   0x08004ed2   0x00000002   PAD
    0x08004ed4   0x08004ed4   0x00000124   Code   RO           11    .text.main          main.o
    0x08004ff8   0x08004ff8   0x00000002   Code   RO         1529    .text.mget_ms       inv_mpu.o
    0x08004ffa   0x08004ffa   0x00000002   PAD
    0x08004ffc   0x08004ffc   0x00000056   Code   RO         1517    .text.mpu_configure_fifo  inv_mpu.o
    0x08005052   0x08005052   0x00000006   PAD
    0x08005058   0x08005058   0x0000018c   Code   RO         1603    .text.mpu_dmp_get_data  inv_mpu.o
    0x080051e4   0x080051e4   0x0000008e   Code   RO         1601    .text.mpu_dmp_init  inv_mpu.o
    0x08005272   0x08005272   0x00000002   PAD
    0x08005274   0x08005274   0x00000038   Code   RO         1541    .text.mpu_get_accel_fsr  inv_mpu.o
    0x080052ac   0x080052ac   0x0000004a   Code   RO         1553    .text.mpu_get_accel_sens  inv_mpu.o
    0x080052f6   0x080052f6   0x00000002   PAD
    0x080052f8   0x080052f8   0x00000012   Code   RO         1555    .text.mpu_get_fifo_config  inv_mpu.o
    0x0800530a   0x0800530a   0x00000002   PAD
    0x0800530c   0x0800530c   0x00000034   Code   RO         1539    .text.mpu_get_gyro_fsr  inv_mpu.o
    0x08005340   0x08005340   0x00000028   Code   RO         1551    .text.mpu_get_gyro_sens  inv_mpu.o
    0x08005368   0x08005368   0x0000003a   Code   RO         1543    .text.mpu_get_lpf   inv_mpu.o
    0x080053a2   0x080053a2   0x00000002   PAD
    0x080053a4   0x080053a4   0x0000001e   Code   RO         1545    .text.mpu_get_sample_rate  inv_mpu.o
    0x080053c2   0x080053c2   0x00000002   PAD
    0x080053c4   0x080053c4   0x00000184   Code   RO         1507    .text.mpu_init      inv_mpu.o
    0x08005548   0x08005548   0x000000c6   Code   RO         1583    .text.mpu_load_firmware  inv_mpu.o
    0x0800560e   0x0800560e   0x00000002   PAD
    0x08005610   0x08005610   0x000000ca   Code   RO         1523    .text.mpu_lp_accel_mode  inv_mpu.o
    0x080056da   0x080056da   0x00000002   PAD
    0x080056dc   0x080056dc   0x000000a8   Code   RO         1565    .text.mpu_read_fifo_stream  inv_mpu.o
    0x08005784   0x08005784   0x00000064   Code   RO         1581    .text.mpu_read_mem  inv_mpu.o
    0x080057e8   0x080057e8   0x00000180   Code   RO         1537    .text.mpu_reset_fifo  inv_mpu.o
    0x08005968   0x08005968   0x0000010e   Code   RO         1569    .text.mpu_run_self_test  inv_mpu.o
    0x08005a76   0x08005a76   0x00000002   PAD
    0x08005a78   0x08005a78   0x00000078   Code   RO         1511    .text.mpu_set_accel_fsr  inv_mpu.o
    0x08005af0   0x08005af0   0x000000ea   Code   RO         1519    .text.mpu_set_bypass  inv_mpu.o
    0x08005bda   0x08005bda   0x00000002   PAD
    0x08005bdc   0x08005bdc   0x0000008c   Code   RO         1571    .text.mpu_set_dmp_state  inv_mpu.o
    0x08005c68   0x08005c68   0x00000080   Code   RO         1509    .text.mpu_set_gyro_fsr  inv_mpu.o
    0x08005ce8   0x08005ce8   0x00000066   Code   RO         1525    .text.mpu_set_int_latched  inv_mpu.o
    0x08005d4e   0x08005d4e   0x00000002   PAD
    0x08005d50   0x08005d50   0x0000006e   Code   RO         1513    .text.mpu_set_lpf   inv_mpu.o
    0x08005dbe   0x08005dbe   0x00000002   PAD
    0x08005dc0   0x08005dc0   0x0000008a   Code   RO         1515    .text.mpu_set_sample_rate  inv_mpu.o
    0x08005e4a   0x08005e4a   0x00000002   PAD
    0x08005e4c   0x08005e4c   0x000000bc   Code   RO         1521    .text.mpu_set_sensors  inv_mpu.o
    0x08005f08   0x08005f08   0x00000064   Code   RO         1579    .text.mpu_write_mem  inv_mpu.o
    0x08005f6c   0x08005f6c   0x0000008e   Code   RO         1595    .text.run_self_test  inv_mpu.o
    0x08005ffa   0x08005ffa   0x00000002   PAD
    0x08005ffc   0x08005ffc   0x00000056   Code   RO         1557    .text.set_int_enable  inv_mpu.o
    0x08006052   0x08006052   0x00000030   Code   RO         1898    i.__ARM_fpclassify  m_wm.l(fpclassify.o)
    0x08006082   0x08006082   0x00000006   PAD
    0x08006088   0x08006088   0x00000360   Code   RO         1795    i.__hardfp_asin     m_wm.l(asin.o)
    0x080063e8   0x080063e8   0x000002d8   Code   RO         1864    i.__hardfp_atan     m_wm.l(atan.o)
    0x080066c0   0x080066c0   0x00000200   Code   RO         1809    i.__hardfp_atan2    m_wm.l(atan2.o)
    0x080068c0   0x080068c0   0x000000f8   Code   RO         1916    i.__kernel_poly     m_wm.l(poly.o)
    0x080069b8   0x080069b8   0x00000014   Code   RO         1879    i.__mathlib_dbl_infnan  m_wm.l(dunder.o)
    0x080069cc   0x080069cc   0x00000014   Code   RO         1880    i.__mathlib_dbl_infnan2  m_wm.l(dunder.o)
    0x080069e0   0x080069e0   0x00000020   Code   RO         1881    i.__mathlib_dbl_invalid  m_wm.l(dunder.o)
    0x08006a00   0x08006a00   0x00000020   Code   RO         1884    i.__mathlib_dbl_underflow  m_wm.l(dunder.o)
    0x08006a20   0x08006a20   0x0000000e   Code   RO         1748    i._is_digit         c_w.l(__printf_wp.o)
    0x08006a2e   0x08006a2e   0x00000010   Code   RO         1866    i.atan              m_wm.l(atan.o)
    0x08006a3e   0x08006a3e   0x00000018   Code   RO         1894    i.fabs              m_wm.l(fabs.o)
    0x08006a56   0x08006a56   0x0000006e   Code   RO         1924    i.sqrt              m_wm.l(sqrt.o)
    0x08006ac4   0x08006ac4   0x00000018   Code   RO         1851    x$fpl$basic         fz_wm.l(basic.o)
    0x08006adc   0x08006adc   0x00000062   Code   RO         1773    x$fpl$d2f           fz_wm.l(d2f.o)
    0x08006b3e   0x08006b3e   0x00000002   PAD
    0x08006b40   0x08006b40   0x00000150   Code   RO         1775    x$fpl$dadd          fz_wm.l(daddsub_clz.o)
    0x08006c90   0x08006c90   0x00000018   Code   RO         1966    x$fpl$dcmpinf       fz_wm.l(dcmpi.o)
    0x08006ca8   0x08006ca8   0x000002b0   Code   RO         1782    x$fpl$ddiv          fz_wm.l(ddiv.o)
    0x08006f58   0x08006f58   0x00000078   Code   RO         1853    x$fpl$deqf          fz_wm.l(deqf.o)
    0x08006fd0   0x08006fd0   0x00000154   Code   RO         1791    x$fpl$dmul          fz_wm.l(dmul.o)
    0x08007124   0x08007124   0x0000009c   Code   RO         1855    x$fpl$dnaninf       fz_wm.l(dnaninf.o)
    0x080071c0   0x080071c0   0x0000000c   Code   RO         1857    x$fpl$dretinf       fz_wm.l(dretinf.o)
    0x080071cc   0x080071cc   0x00000016   Code   RO         1776    x$fpl$drsb          fz_wm.l(daddsub_clz.o)
    0x080071e2   0x080071e2   0x00000002   PAD
    0x080071e4   0x080071e4   0x00000198   Code   RO         1970    x$fpl$dsqrt         fz_wm.l(dsqrt_umaal.o)
    0x0800737c   0x0800737c   0x000001d4   Code   RO         1777    x$fpl$dsub          fz_wm.l(daddsub_clz.o)
    0x08007550   0x08007550   0x00000056   Code   RO         1793    x$fpl$f2d           fz_wm.l(f2d.o)
    0x080075a6   0x080075a6   0x0000008c   Code   RO         1859    x$fpl$fnaninf       fz_wm.l(fnaninf.o)
    0x08007632   0x08007632   0x0000001a   Code   RO         2175    x$fpl$fpinit        fz_wm.l(fpinit.o)
    0x0800764c   0x0800764c   0x0000000a   Code   RO         1861    x$fpl$fretinf       fz_wm.l(fretinf.o)
    0x08007656   0x08007656   0x00000000   Code   RO         1863    x$fpl$usenofp       fz_wm.l(usenofp.o)
    0x08007656   0x08007656   0x00000028   Data   RO         1721    .constdata          c_w.l(_printf_hex_int.o)
    0x0800767e   0x0800767e   0x00000011   Data   RO         1751    .constdata          c_w.l(__printf_flags_wp.o)
    0x0800768f   0x0800768f   0x00000001   PAD
    0x08007690   0x08007690   0x00000050   Data   RO         1798    .constdata          m_wm.l(asin.o)
    0x080076e0   0x080076e0   0x00000098   Data   RO         1867    .constdata          m_wm.l(atan.o)
    0x08007778   0x08007778   0x00000008   Data   RO         1918    .constdata          m_wm.l(qnan.o)
    0x08007780   0x08007780   0x00000004   Data   RO         1972    .constdata          c_w.l(sys_io_names.o)
    0x08007784   0x08007784   0x00000004   Data   RO         1973    .constdata          c_w.l(sys_io_names.o)
    0x08007788   0x08007788   0x00000004   Data   RO         1974    .constdata          c_w.l(sys_io_names.o)
    0x0800778c   0x0800778c   0x00000003   Data   RO         1680    .rodata..L__const.dmp_set_orientation.accel_axes  inv_mpu_dmp_motion_driver.o
    0x0800778f   0x0800778f   0x00000003   Data   RO         1679    .rodata..L__const.dmp_set_orientation.gyro_axes  inv_mpu_dmp_motion_driver.o
    0x08007792   0x08007792   0x00000010   Data   RO         1267    .rodata.AHBPrescTable  system_stm32f4xx.o
    0x080077a2   0x080077a2   0x00000008   Data   RO         1268    .rodata.APBPrescTable  system_stm32f4xx.o
    0x080077aa   0x080077aa   0x00000002   PAD
    0x080077ac   0x080077ac   0x00000010   Data   RO         1613    .rodata.cst16       inv_mpu.o
    0x080077bc   0x080077bc   0x00000bf6   Data   RO         1678    .rodata.dmp_memory  inv_mpu_dmp_motion_driver.o
    0x080083b2   0x080083b2   0x0000000c   Data   RO         1608    .rodata.hw          inv_mpu.o
    0x080083be   0x080083be   0x0000001b   Data   RO         1607    .rodata.reg         inv_mpu.o
    0x080083d9   0x080083d9   0x00000014   Data   RO           17    .rodata.str1.1      main.o
    0x080083ed   0x080083ed   0x0000004c   Data   RO         1612    .rodata.str1.1      inv_mpu.o
    0x08008439   0x08008439   0x00000003   PAD
    0x0800843c   0x0800843c   0x00000028   Data   RO         1609    .rodata.test        inv_mpu.o
    0x08008464   0x08008464   0x00000020   Data   RO         2256    Region$$Table       anon$$obj.o


    Execution Region RW_IRAM1 (Exec base: 0x20000000, Load base: 0x08008488, Size: 0x00000a78, Max: 0x00010000, ABSOLUTE)

    Exec Addr    Load Addr    Size         Type   Attr      Idx    E Section Name        Object

    0x20000000   0x08008488   0x00000004   Data   RW         1848    .data               c_w.l(stdio_streams.o)
    0x20000004   0x0800848c   0x00000004   Data   RW         1849    .data               c_w.l(stdio_streams.o)
    0x20000008   0x08008490   0x00000004   Data   RW         1850    .data               c_w.l(stdio_streams.o)
    0x2000000c   0x08008494   0x00000004   Data   RW         1266    .data.SystemCoreClock  system_stm32f4xx.o
    0x20000010   0x08008498   0x00000009   Data   RW         1611    .data.gyro_orientation  inv_mpu.o
    0x20000019   0x080084a1   0x00000003   PAD
    0x2000001c   0x080084a4   0x0000002c   Data   RW         1610    .data.st            inv_mpu.o
    0x20000048   0x080084d0   0x00000001   Data   RW          756    .data.uwTickFreq    stm32f4xx_hal.o
    0x20000049   0x080084d1   0x00000003   PAD
    0x2000004c   0x080084d4   0x00000004   Data   RW          755    .data.uwTickPrio    stm32f4xx_hal.o
    0x20000050        -       0x00000054   Zero   RW         1845    .bss                c_w.l(stdio_streams.o)
    0x200000a4        -       0x00000054   Zero   RW         1846    .bss                c_w.l(stdio_streams.o)
    0x200000f8        -       0x00000054   Zero   RW         1847    .bss                c_w.l(stdio_streams.o)
    0x2000014c        -       0x00000060   Zero   RW         1976    .bss                c_w.l(libspace.o)
    0x200001ac        -       0x00000007   Zero   RW         1350    .bss.Flag           control.o
    0x200001b3   0x080084d8   0x00000001   PAD
    0x200001b4        -       0x00000002   Zero   RW         1349    .bss.HAL_GPIO_EXTI_Callback.Time_Cnt  control.o
    0x200001b6   0x080084d8   0x00000002   PAD
    0x200001b8        -       0x0000003c   Zero   RW         1295    .bss.PID            pid.o
    0x200001f4        -       0x00000020   Zero   RW         1354    .bss.Param          control.o
    0x20000214        -       0x00000004   Zero   RW         1296    .bss.Position_PID_Servo.Error  pid.o
    0x20000218        -       0x00000004   Zero   RW         1298    .bss.Position_PID_Servo.Error_Last  pid.o
    0x2000021c        -       0x00000004   Zero   RW         1297    .bss.Position_PID_Servo.Integral_Error  pid.o
    0x20000220        -       0x00000002   Zero   RW         1356    .bss.Timer_Count_Handler.Timer_Cnt  control.o
    0x20000222        -       0x00000010   Zero   RW         1400    .bss.USART2_RX_BUF  uart.o
    0x20000232        -       0x00000001   Zero   RW         1401    .bss.USART2_RX_STA  uart.o
    0x20000233        -       0x00000001   Zero   RW         1403    .bss.USART2_newData  uart.o
    0x20000234        -       0x00000004   Zero   RW         1299    .bss.VelocityRing_PID_MOTOR1_Realize.Error  pid.o
    0x20000238        -       0x00000004   Zero   RW         1300    .bss.VelocityRing_PID_MOTOR1_Realize.Error_Last  pid.o
    0x2000023c        -       0x00000004   Zero   RW         1301    .bss.VelocityRing_PID_MOTOR1_Realize.Integral_Error  pid.o
    0x20000240        -       0x00000004   Zero   RW         1302    .bss.VelocityRing_PID_MOTOR2_Realize.Error  pid.o
    0x20000244        -       0x00000004   Zero   RW         1303    .bss.VelocityRing_PID_MOTOR2_Realize.Error_Last  pid.o
    0x20000248        -       0x00000004   Zero   RW         1304    .bss.VelocityRing_PID_MOTOR2_Realize.Integral_Error  pid.o
    0x2000024c        -       0x00000004   Zero   RW         1688    .bss.dmp.0          inv_mpu_dmp_motion_driver.o
    0x20000250        -       0x00000004   Zero   RW         1689    .bss.dmp.1          inv_mpu_dmp_motion_driver.o
    0x20000254        -       0x00000002   Zero   RW         1690    .bss.dmp.2          inv_mpu_dmp_motion_driver.o
    0x20000256   0x080084d8   0x00000002   PAD
    0x20000258        -       0x00000002   Zero   RW         1691    .bss.dmp.3          inv_mpu_dmp_motion_driver.o
    0x2000025a   0x080084d8   0x00000002   PAD
    0x2000025c        -       0x00000002   Zero   RW         1692    .bss.dmp.4          inv_mpu_dmp_motion_driver.o
    0x2000025e        -       0x00000001   Zero   RW         1693    .bss.dmp.5          inv_mpu_dmp_motion_driver.o
    0x2000025f   0x080084d8   0x00000001   PAD
    0x20000260        -       0x00000054   Zero   RW           41    .bss.hi2c1          i2c.o
    0x200002b4        -       0x00000048   Zero   RW           70    .bss.htim1          tim.o
    0x200002fc        -       0x00000048   Zero   RW           71    .bss.htim2          tim.o
    0x20000344        -       0x00000048   Zero   RW           72    .bss.htim3          tim.o
    0x2000038c        -       0x00000048   Zero   RW           73    .bss.htim4          tim.o
    0x200003d4        -       0x00000048   Zero   RW           74    .bss.htim9          tim.o
    0x2000041c        -       0x00000048   Zero   RW           89    .bss.huart2         usart.o
    0x20000464        -       0x00000004   Zero   RW         1351    .bss.pitch          control.o
    0x20000468        -       0x00000004   Zero   RW         1352    .bss.roll           control.o
    0x2000046c        -       0x00000001   Zero   RW         1402    .bss.start_receive  uart.o
    0x2000046d   0x080084d8   0x00000003   PAD
    0x20000470        -       0x00000004   Zero   RW          757    .bss.uwTick         stm32f4xx_hal.o
    0x20000474        -       0x00000004   Zero   RW         1353    .bss.yaw            control.o
    0x20000478        -       0x00000200   Zero   RW            2    HEAP                startup_stm32f401xc.o
    0x20000678        -       0x00000400   Zero   RW            1    STACK               startup_stm32f401xc.o


==============================================================================

Image component sizes


      Code (inc. data)   RO Data    RW Data    ZI Data      Debug   Object Name

       402          8          0          0         55       6302   control.o
        44          0          0          0          0        664   encoder.o
       336          0          0          0          0       3607   gpio.o
       178          0          0          0         84       5128   i2c.o
      5736        106        171         53          0      23870   inv_mpu.o
      2604         68       3068          0         15       9585   inv_mpu_dmp_motion_driver.o
       458         20         20          0          0       3187   main.o
       152          0          0          0          0       1753   motor.o
       228          0          0          0          0       2447   mpu6050.o
       560          0          0          0          0       3340   mpuiic.o
       820         84          0          0         96       3106   pid.o
        32          0          0          0          0       1117   print.o
        64         26        404          0       1536        836   startup_stm32f401xc.o
       212          0          0          5          4       6839   stm32f4xx_hal.o
       258          0          0          0          0      10095   stm32f4xx_hal_cortex.o
       164          0          0          0          0       8876   stm32f4xx_hal_dma.o
       472          0          0          0          0       5139   stm32f4xx_hal_gpio.o
       398          0          0          0          0      39540   stm32f4xx_hal_i2c.o
        56          0          0          0          0       1495   stm32f4xx_hal_msp.o
      1372          0          0          0          0       7301   stm32f4xx_hal_rcc.o
      2040          8          0          0          0      42565   stm32f4xx_hal_tim.o
       224          0          0          0          0      18266   stm32f4xx_hal_tim_ex.o
      1728          0          0          0          0      24192   stm32f4xx_hal_uart.o
        72          0          0          0          0       1536   stm32f4xx_it.o
        18          0         24          4          0       2679   system_stm32f4xx.o
      1288          0          0          0        360       8308   tim.o
       122          0          0          0         19       3952   uart.o
       186          0          0          0         72       6279   usart.o

    ----------------------------------------------------------------------
     20406        320       3724         68       2252     252004   Object Totals
         0          0         32          0          0          0   (incl. Generated)
       182          0          5          6         11          0   (incl. Padding)

    ----------------------------------------------------------------------

      Code (inc. data)   RO Data    RW Data    ZI Data      Debug   Library Member Name

         8          0          0          0          0         68   __main.o
       312          4         17          0          0         92   __printf_flags_wp.o
        14          0          0          0          0         68   __printf_wp.o
         0          0          0          0          0          0   __rtentry.o
        12          0          0          0          0          0   __rtentry2.o
         6          0          0          0          0          0   __rtentry4.o
        52          8          0          0          0          0   __scatter.o
        26          0          0          0          0          0   __scatter_copy.o
        28          0          0          0          0          0   __scatter_zi.o
        48          6          0          0          0         96   _printf_char_common.o
        36          4          0          0          0         80   _printf_char_file.o
         6          0          0          0          0          0   _printf_d.o
       120         16          0          0          0         92   _printf_dec.o
        88          4         40          0          0         88   _printf_hex_int.o
       178          0          0          0          0         88   _printf_intcommon.o
        78          0          0          0          0        108   _printf_pad.o
         0          0          0          0          0          0   _printf_percent.o
         4          0          0          0          0          0   _printf_percent_end.o
         6          0          0          0          0          0   _printf_x.o
        22          0          0          0          0        100   _rserrno.o
        10          0          0          0          0         68   defsig_exit.o
        50          0          0          0          0         88   defsig_general.o
        80         58          0          0          0         76   defsig_rtmem_inner.o
        14          0          0          0          0         80   defsig_rtmem_outer.o
        52         38          0          0          0         76   defsig_rtred_inner.o
        14          0          0          0          0         80   defsig_rtred_outer.o
        18          0          0          0          0         80   exit.o
        76          0          0          0          0         88   fclose.o
         8          0          0          0          0         68   ferror.o
       240          6          0          0          0        128   fopen.o
       248          6          0          0          0         84   fseek.o
        66          0          0          0          0         76   ftell.o
        94          0          0          0          0         80   h1_alloc.o
        52          0          0          0          0         68   h1_extend.o
        78          0          0          0          0         80   h1_free.o
        14          0          0          0          0         84   h1_init.o
         6          0          0          0          0        152   heapauxi.o
         4          0          0          0          0        136   hguard.o
         0          0          0          0          0          0   indicate_semi.o
       138          0          0          0          0        168   init_alloc.o
       312         46          0          0          0        112   initio.o
         2          0          0          0          0          0   libinit.o
        18          0          0          0          0          0   libinit2.o
         2          0          0          0          0          0   libshutdown.o
         6          0          0          0          0          0   libshutdown2.o
         8          4          0          0         96         68   libspace.o
       116          0          0          0          0         84   llsdiv.o
       240          0          0          0          0        100   lludivv7m.o
         0          0          0          0          0          0   maybetermalloc1.o
        88          0          0          0          0         76   memcmp.o
        24          4          0          0          0         84   noretval__2printf.o
        44          4          0          0          0         84   puts.o
         8          4          0          0          0         68   rt_errno_addr_intlibspace.o
         8          4          0          0          0         68   rt_heap_descriptor_intlibspace.o
        78          0          0          0          0         80   rt_memclr_w.o
         2          0          0          0          0          0   rtexit.o
        10          0          0          0          0          0   rtexit2.o
        70          0          0          0          0         80   setvbuf.o
       240          6          0          0          0        156   stdio.o
         0          0          0         12        252          0   stdio_streams.o
        62          0          0          0          0         76   strlen.o
        12          4          0          0          0         68   sys_exit.o
       102          0          0          0          0        240   sys_io.o
         0          0         12          0          0          0   sys_io_names.o
        74          0          0          0          0         80   sys_stackheap_outer.o
        14          0          0          0          0         76   sys_wrch.o
         2          0          0          0          0         68   use_no_semi.o
        24          0          0          0          0        164   basic.o
        98          4          0          0          0        140   d2f.o
       826         16          0          0          0        500   daddsub_clz.o
        24          0          0          0          0        116   dcmpi.o
       688        140          0          0          0        264   ddiv.o
       120          4          0          0          0        140   deqf.o
       340         12          0          0          0        152   dmul.o
       156          4          0          0          0        140   dnaninf.o
        12          0          0          0          0        116   dretinf.o
       408         56          0          0          0        168   dsqrt_umaal.o
        86          4          0          0          0        132   f2d.o
       140          4          0          0          0        132   fnaninf.o
        26          0          0          0          0        116   fpinit.o
        10          0          0          0          0        116   fretinf.o
         0          0          0          0          0          0   usenofp.o
       864         94         80          0          0        280   asin.o
       744        106        152          0          0        352   atan.o
       512         64          0          0          0        208   atan2.o
       104         16          0          0          0        496   dunder.o
        24          0          0          0          0        124   fabs.o
        48          0          0          0          0        124   fpclassify.o
       248          0          0          0          0        152   poly.o
         0          0          8          0          0          0   qnan.o
       110          0          0          0          0        148   sqrt.o

    ----------------------------------------------------------------------
      9484        750        310         12        348       8588   Library Totals
        24          0          1          0          0          0   (incl. Padding)

    ----------------------------------------------------------------------

      Code (inc. data)   RO Data    RW Data    ZI Data      Debug   Library Name

      3848        226         69         12        348       4308   c_w.l
      2958        244          0          0          0       2396   fz_wm.l
      2654        280        240          0          0       1884   m_wm.l

    ----------------------------------------------------------------------
      9484        750        310         12        348       8588   Library Totals

    ----------------------------------------------------------------------

==============================================================================


      Code (inc. data)   RO Data    RW Data    ZI Data      Debug   

     29890       1070       4034         80       2600     255288   Grand Totals
     29890       1070       4034         80       2600     255288   ELF Image Totals
     29890       1070       4034         80          0          0   ROM Totals

==============================================================================

    Total RO  Size (Code + RO Data)                33924 (  33.13kB)
    Total RW  Size (RW Data + ZI Data)              2680 (   2.62kB)
    Total ROM Size (Code + RO Data + RW Data)      34004 (  33.21kB)

==============================================================================

